---
source: crates/canvas-cli/src/output/registry.rs
expression: rendered
---
[
  {
    "exit": 0,
    "freshness": [],
    "generated_at": "2026-09-09T17:05:12Z",
    "identity": {
      "key": "example.instructure.com-1-deadbeef",
      "origin": "https://example.instructure.com",
      "user_id": "1"
    },
    "outcome": "ok",
    "partial": [],
    "profile": "default",
    "requests": {
      "api": 0,
      "cost": null,
      "storage": 0
    },
    "result": {
      "courses": [
        {
          "code": "CS-101",
          "enrollment_state": "active",
          "grades": {
            "current_grade": "A-",
            "current_score": 92.5,
            "final_grade": null,
            "final_score": null,
            "period": {
              "id": null,
              "mode": "current",
              "title": null
            }
          },
          "html_url": "https://example.instructure.com/courses/101",
          "id": "101",
          "is_favorite": true,
          "name": "Intro to Computing",
          "restricted": false,
          "term": {
            "end_at": "2026-12-15T05:00:00Z",
            "id": "7",
            "name": "Fall 2026",
            "start_at": "2026-08-25T04:00:00Z"
          }
        }
      ]
    },
    "schema": "canvas-cli/courses@1",
    "warnings": []
  },
  {
    "exit": 0,
    "freshness": [],
    "generated_at": "2026-09-09T17:05:12Z",
    "identity": {
      "key": "example.instructure.com-1-deadbeef",
      "origin": "https://example.instructure.com",
      "user_id": "1"
    },
    "outcome": "ok",
    "partial": [],
    "profile": "default",
    "requests": {
      "api": 0,
      "cost": null,
      "storage": 0
    },
    "result": {
      "course": {
        "code": "CS-101",
        "enrollment_state": "active",
        "grades": {
          "current_grade": "A-",
          "current_score": 92.5,
          "final_grade": null,
          "final_score": null,
          "period": {
            "id": null,
            "mode": "current",
            "title": null
          }
        },
        "html_url": "https://example.instructure.com/courses/101",
        "id": "101",
        "is_favorite": true,
        "modules_count": 4,
        "name": "Intro to Computing",
        "restricted": false,
        "syllabus_markdown": null,
        "teachers": [
          {
            "id": "55",
            "name": "Ada Lovelace"
          }
        ],
        "term": {
          "end_at": "2026-12-15T05:00:00Z",
          "id": "7",
          "name": "Fall 2026",
          "start_at": "2026-08-25T04:00:00Z"
        },
        "time_zone": "America/New_York"
      }
    },
    "schema": "canvas-cli/course@1",
    "warnings": []
  },
  {
    "exit": 0,
    "freshness": [],
    "generated_at": "2026-09-09T17:05:12Z",
    "identity": {
      "key": "example.instructure.com-1-deadbeef",
      "origin": "https://example.instructure.com",
      "user_id": "1"
    },
    "outcome": "ok",
    "partial": [],
    "profile": "default",
    "requests": {
      "api": 0,
      "cost": null,
      "storage": 0
    },
    "result": {
      "counts": {
        "due_today": 1,
        "due_week": 1,
        "hidden": 0,
        "missing": 0
      },
      "items": [
        {
          "assignment_id": "2",
          "availability": {
            "external": null,
            "lock_at": null,
            "lock_at_local": null,
            "lock_explanation": null,
            "locked": null,
            "submittable": null,
            "unlock_at": null,
            "unlock_at_local": null
          },
          "course_code": "CHEM",
          "course_id": "1",
          "dismissed": false,
          "due_at": "2026-09-10T03:59:00Z",
          "due_at_local": "2026-09-09T23:59:00-04:00",
          "html_url": null,
          "id": "2",
          "key": "assignment:2",
          "kind": "assignment",
          "marked_complete": false,
          "parent_assignment_id": null,
          "points_possible": null,
          "raw_type": "assignment",
          "scheduled_at": "2026-09-10T03:59:00Z",
          "scheduled_at_local": "2026-09-09T23:59:00-04:00",
          "status": {
            "attempt": null,
            "excused": null,
            "grade": null,
            "graded": false,
            "late": null,
            "missing": false,
            "pending": false,
            "posted_at": null,
            "score": null,
            "submitted": false,
            "submitted_at": null,
            "submitted_at_local": null,
            "workflow_state": null
          },
          "title": "Homework 2"
        }
      ],
      "window": {
        "days": 14,
        "end": "2026-09-21",
        "start": "2026-09-08"
      }
    },
    "schema": "canvas-cli/todo@1",
    "warnings": []
  },
  {
    "exit": 0,
    "freshness": [],
    "generated_at": "2026-09-09T17:05:12Z",
    "identity": {
      "key": "example.instructure.com-1-deadbeef",
      "origin": "https://example.instructure.com",
      "user_id": "1"
    },
    "outcome": "ok",
    "partial": [],
    "profile": "default",
    "requests": {
      "api": 0,
      "cost": null,
      "storage": 0
    },
    "result": {
      "assignments": [
        {
          "allowed_attempts": 3,
          "allowed_extensions": [
            "pdf"
          ],
          "availability": {
            "external": false,
            "lock_at": null,
            "lock_at_local": null,
            "lock_explanation": null,
            "locked": false,
            "submittable": false,
            "unlock_at": null,
            "unlock_at_local": null
          },
          "course_id": "1",
          "due_at": "2026-09-10T03:59:00Z",
          "due_at_local": "2026-09-09T23:59:00-04:00",
          "group_assignment": false,
          "html_url": "https://canvas.test/courses/1/assignments/2",
          "id": "2",
          "name": "Homework 2",
          "points_possible": 10.0,
          "status": {
            "attempt": 0,
            "excused": false,
            "grade": null,
            "graded": false,
            "late": false,
            "missing": false,
            "pending": false,
            "posted_at": null,
            "score": null,
            "submitted": false,
            "submitted_at": null,
            "submitted_at_local": null,
            "workflow_state": "unsubmitted"
          },
          "submission_types": [
            "online_upload"
          ]
        },
        {
          "allowed_attempts": 3,
          "allowed_extensions": [
            "pdf"
          ],
          "availability": {
            "external": false,
            "lock_at": null,
            "lock_at_local": null,
            "lock_explanation": null,
            "locked": false,
            "submittable": null,
            "unlock_at": null,
            "unlock_at_local": null
          },
          "course_id": "1",
          "due_at": null,
          "due_at_local": null,
          "group_assignment": false,
          "html_url": null,
          "id": "3",
          "name": "Homework 3",
          "points_possible": 10.0,
          "status": {
            "attempt": 0,
            "excused": false,
            "grade": null,
            "graded": false,
            "late": false,
            "missing": false,
            "pending": false,
            "posted_at": null,
            "score": null,
            "submitted": false,
            "submitted_at": null,
            "submitted_at_local": null,
            "workflow_state": "unsubmitted"
          },
          "submission_types": [
            "online_upload"
          ]
        }
      ],
      "bucket": "all",
      "course_id": "1"
    },
    "schema": "canvas-cli/assignments@1",
    "warnings": []
  },
  {
    "exit": 0,
    "freshness": [],
    "generated_at": "2026-09-09T17:05:12Z",
    "identity": {
      "key": "example.instructure.com-1-deadbeef",
      "origin": "https://example.instructure.com",
      "user_id": "1"
    },
    "outcome": "ok",
    "partial": [],
    "profile": "default",
    "requests": {
      "api": 0,
      "cost": null,
      "storage": 0
    },
    "result": {
      "assignment": {
        "allowed_attempts": 3,
        "allowed_extensions": [
          "pdf"
        ],
        "availability": {
          "external": false,
          "lock_at": null,
          "lock_at_local": null,
          "lock_explanation": null,
          "locked": false,
          "submittable": false,
          "unlock_at": null,
          "unlock_at_local": null
        },
        "can_submit": false,
        "comments_count": null,
        "course_id": "1",
        "description_markdown": "Explain **chemistry**.",
        "due_at": "2026-09-10T03:59:00Z",
        "due_at_local": "2026-09-09T23:59:00-04:00",
        "external_tool_name": null,
        "extra_attempts": null,
        "group_assignment": false,
        "html_url": "https://canvas.test/courses/1/assignments/2",
        "id": "2",
        "name": "Homework 2",
        "points_possible": 10.0,
        "rubric": [
          {
            "description": "Reasoning",
            "id": "c1",
            "points": 10.0
          }
        ],
        "rubric_assessed": false,
        "rubric_assessment": [],
        "status": {
          "attempt": 0,
          "excused": false,
          "grade": null,
          "graded": false,
          "late": false,
          "missing": false,
          "pending": false,
          "posted_at": null,
          "score": null,
          "submitted": false,
          "submitted_at": null,
          "submitted_at_local": null,
          "workflow_state": "unsubmitted"
        },
        "submission_types": [
          "online_upload"
        ]
      }
    },
    "schema": "canvas-cli/assignment@1",
    "warnings": []
  },
  {
    "exit": 0,
    "freshness": [],
    "generated_at": "2026-09-09T17:05:12Z",
    "identity": {
      "key": "example.instructure.com-1-deadbeef",
      "origin": "https://example.instructure.com",
      "user_id": "1"
    },
    "outcome": "ok",
    "partial": [],
    "profile": "default",
    "requests": {
      "api": 0,
      "cost": null,
      "storage": 0
    },
    "result": {
      "attribution": "observed",
      "candidates": [],
      "error": null,
      "files": [
        {
          "canvas_file_id": "55001",
          "name": "essay.pdf",
          "sha256": "bbbbbbbbbbbbbbbbbbbbbbbbbbbbbbbbbbbbbbbbbbbbbbbbbbbbbbbbbbbbbbbb",
          "size": 24576
        }
      ],
      "journal_id": "01932f3a-8b2c-7d4e-9f01-23456789abcd",
      "outcome": "ok",
      "post_status": 201,
      "posted": {
        "attachments": [
          {
            "content_type": "application/pdf",
            "display_name": "essay.pdf",
            "id": "55001",
            "size": 24576
          }
        ],
        "attempt": 1,
        "body_sha256": null,
        "evidence": "post-response",
        "excused": false,
        "late": false,
        "missing": false,
        "response_sha256": "aaaaaaaaaaaaaaaaaaaaaaaaaaaaaaaaaaaaaaaaaaaaaaaaaaaaaaaaaaaaaaaa",
        "submission_id": "9001",
        "submission_type": "online_upload",
        "submitted_at": "2026-09-09T16:05:00Z",
        "submitted_at_local": "2026-09-09T12:05:00-04:00",
        "url": null,
        "workflow_state": "submitted"
      },
      "receipt_id": "01932f3a-9c3d-7e5f-a012-3456789abcde",
      "response_kind": null,
      "server_match": null,
      "state": "submitted",
      "text": null,
      "url": null
    },
    "schema": "canvas-cli/submit@1",
    "warnings": []
  },
  {
    "exit": 0,
    "freshness": [],
    "generated_at": "2026-09-09T17:05:12Z",
    "identity": {
      "key": "example.instructure.com-1-deadbeef",
      "origin": "https://example.instructure.com",
      "user_id": "1"
    },
    "outcome": "ok",
    "partial": [],
    "profile": "default",
    "requests": {
      "api": 0,
      "cost": null,
      "storage": 0
    },
    "result": {
      "history": [
        {
          "attachments": [
            {
              "content_type": "application/pdf",
              "display_name": "draft.pdf",
              "id": "55000",
              "size": 1024
            }
          ],
          "attempt": 1,
          "score": null,
          "submitted_at": "2026-09-08T12:00:00Z",
          "submitted_at_local": "2026-09-08T08:00:00-04:00"
        },
        {
          "attachments": [
            {
              "content_type": "application/pdf",
              "display_name": "essay.pdf",
              "id": "55001",
              "size": 24576
            }
          ],
          "attempt": 2,
          "score": 8.5,
          "submitted_at": "2026-09-09T16:05:00Z",
          "submitted_at_local": "2026-09-09T12:05:00-04:00"
        }
      ],
      "pending_journals": [],
      "submission": {
        "attachments": [
          {
            "content_type": "application/pdf",
            "display_name": "essay.pdf",
            "id": "55001",
            "size": 24576
          }
        ],
        "attempt": 2,
        "body_sha256": null,
        "comments": [
          {
            "author": "Prof. Ada",
            "created_at": "2026-09-09T16:40:00Z",
            "created_at_local": "2026-09-09T12:40:00-04:00",
            "id": "9",
            "text": "Nice work."
          }
        ],
        "excused": false,
        "grade": "8.5",
        "graded": true,
        "late": false,
        "missing": false,
        "pending": false,
        "posted_at": "2026-09-09T16:30:00Z",
        "rubric_assessed": true,
        "rubric_assessment": [
          {
            "comments": "Clear reasoning.",
            "criterion_id": "c1",
            "points": 8.5
          }
        ],
        "score": 8.5,
        "submission_type": "online_upload",
        "submitted": true,
        "submitted_at": "2026-09-09T16:05:00Z",
        "submitted_at_local": "2026-09-09T12:05:00-04:00",
        "url": null,
        "workflow_state": "graded"
      }
    },
    "schema": "canvas-cli/submission@1",
    "warnings": []
  },
  {
    "exit": 0,
    "freshness": [],
    "generated_at": "2026-09-09T17:05:12Z",
    "identity": {
      "key": "example.instructure.com-1-deadbeef",
      "origin": "https://example.instructure.com",
      "user_id": "1"
    },
    "outcome": "ok",
    "partial": [],
    "profile": "default",
    "requests": {
      "api": 0,
      "cost": null,
      "storage": 0
    },
    "result": {
      "assignment_id": "202",
      "assignment_name": "Essay 1",
      "attribution": "observed",
      "baseline_attempt": 0,
      "cli_version": "0.1.0",
      "course_code": "CS-101",
      "course_id": "101",
      "created_at": "2026-09-09T16:04:58Z",
      "due_at": "2026-09-15T23:59:59Z",
      "files": [
        {
          "canvas_file_id": "55001",
          "name": "essay.pdf",
          "sha256": "bbbbbbbbbbbbbbbbbbbbbbbbbbbbbbbbbbbbbbbbbbbbbbbbbbbbbbbbbbbbbbbb",
          "size": 24576
        }
      ],
      "identity": {
        "key": "example.instructure.com-1-deadbeef",
        "origin": "https://example.instructure.com",
        "user_id": "1"
      },
      "journal_id": "01932f3a-8b2c-7d4e-9f01-23456789abcd",
      "kind": "online_upload",
      "posted": {
        "attachments": [
          {
            "content_type": "application/pdf",
            "display_name": "essay.pdf",
            "id": "55001",
            "size": 24576
          }
        ],
        "attempt": 1,
        "body_sha256": null,
        "evidence": "post-response",
        "excused": false,
        "late": false,
        "missing": false,
        "response_sha256": "aaaaaaaaaaaaaaaaaaaaaaaaaaaaaaaaaaaaaaaaaaaaaaaaaaaaaaaaaaaaaaaa",
        "submission_id": "9001",
        "submission_type": "online_upload",
        "submitted_at": "2026-09-09T16:05:00Z",
        "submitted_at_local": "2026-09-09T12:05:00-04:00",
        "url": null,
        "workflow_state": "submitted"
      },
      "readback": {
        "attachments": [
          {
            "content_type": "application/pdf",
            "display_name": "essay.pdf",
            "id": "55001",
            "size": 24576
          }
        ],
        "body_sha256": null,
        "late": false,
        "submitted_at": "2026-09-09T16:05:00Z",
        "submitted_at_local": "2026-09-09T12:05:00-04:00"
      },
      "receipt_id": "01932f3a-9c3d-7e5f-a012-3456789abcde",
      "text": null,
      "url": null
    },
    "schema": "canvas-cli/receipt@1",
    "warnings": []
  },
  {
    "exit": 0,
    "freshness": [],
    "generated_at": "2026-09-09T17:05:12Z",
    "identity": {
      "key": "example.instructure.com-1-deadbeef",
      "origin": "https://example.instructure.com",
      "user_id": "1"
    },
    "outcome": "ok",
    "partial": [],
    "profile": "default",
    "requests": {
      "api": 0,
      "cost": null,
      "storage": 0
    },
    "result": {
      "journals": [
        {
          "acknowledged_at": null,
          "assignment_id": "202",
          "assignment_name": "Essay 1",
          "baseline_attempt": 0,
          "course_code": "CS-101",
          "course_id": "101",
          "created_at": "2026-09-09T16:04:58Z",
          "error": null,
          "journal_id": "01932f3a-8b2c-7d4e-9f01-23456789abcd",
          "kind": "online_upload",
          "not_submitted_evidence": null,
          "owner": "n/a",
          "post_status": 201,
          "posted": {
            "attachments": [
              {
                "content_type": "application/pdf",
                "display_name": "essay.pdf",
                "id": "55001",
                "size": 24576
              }
            ],
            "attempt": 1,
            "body_sha256": null,
            "evidence": "post-response",
            "excused": false,
            "late": false,
            "missing": false,
            "response_sha256": "aaaaaaaaaaaaaaaaaaaaaaaaaaaaaaaaaaaaaaaaaaaaaaaaaaaaaaaaaaaaaaaa",
            "submission_id": "9001",
            "submission_type": "online_upload",
            "submitted_at": "2026-09-09T16:05:00Z",
            "submitted_at_local": "2026-09-09T12:05:00-04:00",
            "url": null,
            "workflow_state": "submitted"
          },
          "readback": null,
          "receipt_id": "01932f3a-9c3d-7e5f-a012-3456789abcde",
          "response_kind": null,
          "server_match": null,
          "state": "submitted",
          "superseded": false,
          "updated_at": "2026-09-09T16:05:01Z",
          "uploaded_file_ids": [
            "55001"
          ]
        }
      ]
    },
    "schema": "canvas-cli/receipts@1",
    "warnings": []
  },
  {
    "exit": 0,
    "freshness": [],
    "generated_at": "2026-09-09T17:05:12Z",
    "identity": {
      "key": "example.instructure.com-1-deadbeef",
      "origin": "https://example.instructure.com",
      "user_id": "1"
    },
    "outcome": "ok",
    "partial": [],
    "profile": "default",
    "requests": {
      "api": 0,
      "cost": null,
      "storage": 0
    },
    "result": {
      "attempt": 1,
      "attribution": "observed",
      "body": null,
      "files": [
        {
          "actual_sha256": "bbbbbbbbbbbbbbbbbbbbbbbbbbbbbbbbbbbbbbbbbbbbbbbbbbbbbbbbbbbbbbbb",
          "canvas_file_id": "55001",
          "expected_sha256": "bbbbbbbbbbbbbbbbbbbbbbbbbbbbbbbbbbbbbbbbbbbbbbbbbbbbbbbbbbbbbbbb",
          "name": "essay.pdf",
          "status": "ok"
        }
      ],
      "outcome": "verified",
      "reason": null,
      "receipt_id": "01932f3a-9c3d-7e5f-a012-3456789abcde"
    },
    "schema": "canvas-cli/verify@1",
    "warnings": []
  },
  {
    "exit": 0,
    "freshness": [],
    "generated_at": "2026-09-09T17:05:12Z",
    "identity": {
      "key": "example.instructure.com-1-deadbeef",
      "origin": "https://example.instructure.com",
      "user_id": "1"
    },
    "outcome": "ok",
    "partial": [],
    "profile": "default",
    "requests": {
      "api": 0,
      "cost": null,
      "storage": 0
    },
    "result": {
      "assume_available": false,
      "attribution": "unproven",
      "candidates": [
        {
          "attachment_ids": [
            "55001"
          ],
          "attempt": 1,
          "submitted_at": "2026-09-09T16:05:00Z",
          "submitted_at_local": "2026-09-09T12:05:00-04:00"
        }
      ],
      "journal_id": "01932f3a-8b2c-7d4e-9f01-23456789abcd",
      "message": "matched via history attachment set",
      "not_submitted_evidence": null,
      "outcome": "ok",
      "owner": "n/a",
      "posted": {
        "attachments": [
          {
            "content_type": "application/pdf",
            "display_name": "essay.pdf",
            "id": "55001",
            "size": 24576
          }
        ],
        "attempt": 1,
        "body_sha256": null,
        "evidence": "history-files",
        "excused": false,
        "late": false,
        "missing": false,
        "response_sha256": null,
        "submission_id": "9001",
        "submission_type": "online_upload",
        "submitted_at": "2026-09-09T16:05:00Z",
        "submitted_at_local": "2026-09-09T12:05:00-04:00",
        "url": null,
        "workflow_state": "submitted"
      },
      "receipt_id": "01932f3a-9c3d-7e5f-a012-3456789abcde",
      "response_kind": null,
      "server_match": null,
      "state": "matched"
    },
    "schema": "canvas-cli/reconcile@1",
    "warnings": []
  },
  {
    "exit": 0,
    "freshness": [],
    "generated_at": "2026-09-09T17:05:12Z",
    "identity": {
      "key": "example.instructure.com-1-deadbeef",
      "origin": "https://example.instructure.com",
      "user_id": "1"
    },
    "outcome": "ok",
    "partial": [],
    "profile": "default",
    "requests": {
      "api": 0,
      "cost": null,
      "storage": 0
    },
    "result": {
      "course": {
        "groups": [
          {
            "assignments": [
              {
                "id": "31",
                "name": "Problem Set 1",
                "omit_from_final_grade": false,
                "points_possible": 25.0,
                "status": {
                  "attempt": 1,
                  "excused": false,
                  "grade": "23",
                  "graded": true,
                  "late": false,
                  "missing": false,
                  "pending": false,
                  "posted_at": "2026-09-16T12:00:00Z",
                  "score": 23.0,
                  "submitted": true,
                  "submitted_at": "2026-09-14T18:00:00Z",
                  "submitted_at_local": "2026-09-14T14:00:00-04:00",
                  "workflow_state": "graded"
                }
              },
              {
                "id": "32",
                "name": "Problem Set 2",
                "omit_from_final_grade": false,
                "points_possible": 25.0,
                "status": {
                  "attempt": null,
                  "excused": null,
                  "grade": null,
                  "graded": false,
                  "late": null,
                  "missing": true,
                  "pending": false,
                  "posted_at": null,
                  "score": null,
                  "submitted": false,
                  "submitted_at": null,
                  "submitted_at_local": null,
                  "workflow_state": "unsubmitted"
                }
              }
            ],
            "id": "20",
            "name": "Homework",
            "position": 1,
            "rules": {
              "drop_highest": null,
              "drop_lowest": 1,
              "never_drop": [
                "31"
              ]
            },
            "subtotal": {
              "possible": 50.0,
              "score": 45.0
            },
            "weight": 40.0
          },
          {
            "assignments": [],
            "id": "21",
            "name": "Exams",
            "position": 2,
            "rules": {
              "drop_highest": null,
              "drop_lowest": null,
              "never_drop": []
            },
            "subtotal": null,
            "weight": 60.0
          }
        ],
        "periods": [
          {
            "end_date": "2026-10-31T00:00:00Z",
            "id": "5",
            "is_current": true,
            "start_date": "2026-09-01T00:00:00Z",
            "title": "Fall Term 1"
          },
          {
            "end_date": "2026-12-20T00:00:00Z",
            "id": "6",
            "is_current": false,
            "start_date": "2026-11-01T00:00:00Z",
            "title": "Fall Term 2"
          }
        ]
      },
      "courses": [
        {
          "course": {
            "code": "CS-101",
            "enrollment_state": "active",
            "html_url": "https://example.instructure.com/courses/101",
            "id": "101",
            "is_favorite": true,
            "name": "Intro to Computer Science",
            "restricted": false,
            "term": {
              "end_at": "2026-12-20T00:00:00Z",
              "id": "7",
              "name": "Fall 2026",
              "start_at": "2026-09-01T00:00:00Z"
            }
          },
          "grades": {
            "current_grade": "A-",
            "current_score": 91.5,
            "final_grade": "B+",
            "final_score": 88.0,
            "period": {
              "id": "5",
              "mode": "current",
              "title": "Fall Term 1"
            }
          },
          "unavailable_reason": null
        },
        {
          "course": {
            "code": "MATH-201",
            "enrollment_state": "active",
            "html_url": "https://example.instructure.com/courses/102",
            "id": "102",
            "is_favorite": false,
            "name": "Linear Algebra",
            "restricted": false,
            "term": {
              "end_at": null,
              "id": "7",
              "name": "Fall 2026",
              "start_at": null
            }
          },
          "grades": {
            "current_grade": null,
            "current_score": null,
            "final_grade": null,
            "final_score": null,
            "period": {
              "id": null,
              "mode": "current",
              "title": null
            }
          },
          "unavailable_reason": "no current grading period total"
        }
      ],
      "period_mode": "current"
    },
    "schema": "canvas-cli/grades@1",
    "warnings": []
  },
  {
    "exit": 0,
    "freshness": [],
    "generated_at": "2026-09-09T17:05:12Z",
    "identity": {
      "key": "example.instructure.com-1-deadbeef",
      "origin": "https://example.instructure.com",
      "user_id": "1"
    },
    "outcome": "ok",
    "partial": [],
    "profile": "default",
    "requests": {
      "api": 0,
      "cost": null,
      "storage": 0
    },
    "result": {
      "course_id": "101",
      "files": [
        {
          "folder_id": "2",
          "folder_path": "Slides",
          "hidden": false,
          "id": "50",
          "lock_explanation": null,
          "locked": false,
          "module_id": null,
          "module_position": null,
          "name": "lec.pdf",
          "size": 10,
          "source": "listing",
          "updated_at": "2026-09-01T12:00:00Z"
        }
      ],
      "listing": {
        "available": true,
        "http_status": null
      }
    },
    "schema": "canvas-cli/files@1",
    "warnings": []
  },
  {
    "exit": 0,
    "freshness": [],
    "generated_at": "2026-09-09T17:05:12Z",
    "identity": {
      "key": "example.instructure.com-1-deadbeef",
      "origin": "https://example.instructure.com",
      "user_id": "1"
    },
    "outcome": "ok",
    "partial": [],
    "profile": "default",
    "requests": {
      "api": 0,
      "cost": null,
      "storage": 0
    },
    "result": {
      "course_id": "101",
      "modules": [
        {
          "id": "8",
          "items": [
            {
              "completed": null,
              "content_id": "50",
              "html_url": null,
              "id": "80",
              "lock_explanation": null,
              "locked": false,
              "position": 1,
              "title": "slides",
              "type": "File"
            }
          ],
          "items_complete": true,
          "items_count": 1,
          "name": "Week 1",
          "position": 1,
          "state": "unlocked"
        }
      ]
    },
    "schema": "canvas-cli/modules@1",
    "warnings": []
  },
  {
    "exit": 0,
    "freshness": [],
    "generated_at": "2026-09-09T17:05:12Z",
    "identity": {
      "key": "example.instructure.com-1-deadbeef",
      "origin": "https://example.instructure.com",
      "user_id": "1"
    },
    "outcome": "ok",
    "partial": [],
    "profile": "default",
    "requests": {
      "api": 0,
      "cost": null,
      "storage": 0
    },
    "result": {
      "courses": [
        {
          "course_code": "CS-101",
          "course_id": "101",
          "files": [
            {
              "action": "downloaded",
              "error": null,
              "id": "50",
              "path": "CS-101-101/files/Slides/lec.pdf",
              "previous_path": null,
              "size": 10,
              "verify": "ok"
            },
            {
              "action": "moved",
              "error": null,
              "id": "51",
              "path": "CS-101-101/files/Slides/notes.pdf",
              "previous_path": "CS-101-101/files/notes.pdf",
              "size": null,
              "verify": null
            }
          ]
        }
      ],
      "dest": "/tmp/out",
      "dry_run": false,
      "totals": {
        "bytes": 10,
        "downloaded": 1,
        "failed": 0,
        "locked": 0,
        "modified": 0,
        "moved": 1,
        "planned": 0,
        "skipped": 0,
        "skipped_external": 0,
        "unavailable": 0,
        "unmanaged": 0,
        "unresolved_move": 0,
        "unsafe_path": 0
      }
    },
    "schema": "canvas-cli/download@1",
    "warnings": []
  },
  {
    "exit": 0,
    "freshness": [],
    "generated_at": "2026-09-09T17:05:12Z",
    "identity": {
      "key": "example.instructure.com-1-deadbeef",
      "origin": "https://example.instructure.com",
      "user_id": "1"
    },
    "outcome": "ok",
    "partial": [],
    "profile": "default",
    "requests": {
      "api": 0,
      "cost": null,
      "storage": 0
    },
    "result": {
      "announcements": [
        {
          "author": "Ada Lovelace",
          "course_code": "CS-101",
          "course_id": "101",
          "html_url": "https://example.instructure.com/courses/101/discussion_topics/9001",
          "id": "9001",
          "posted_at": "2026-09-08T14:00:00Z",
          "posted_at_local": "2026-09-08T10:00:00-04:00",
          "read": false,
          "title": "Lab 3 is posted"
        },
        {
          "author": null,
          "course_code": "MATH-201",
          "course_id": "102",
          "html_url": "https://example.instructure.com/courses/102/discussion_topics/9000",
          "id": "9000",
          "posted_at": "2026-09-02T18:30:00Z",
          "posted_at_local": "2026-09-02T14:30:00-04:00",
          "read": true,
          "title": "Quiz 2 moved to Friday"
        }
      ],
      "window": {
        "end": "2026-09-09",
        "start": "2026-08-26"
      }
    },
    "schema": "canvas-cli/announcements@1",
    "warnings": []
  },
  {
    "exit": 0,
    "freshness": [],
    "generated_at": "2026-09-09T17:05:12Z",
    "identity": {
      "key": "example.instructure.com-1-deadbeef",
      "origin": "https://example.instructure.com",
      "user_id": "1"
    },
    "outcome": "ok",
    "partial": [],
    "profile": "default",
    "requests": {
      "api": 0,
      "cost": null,
      "storage": 0
    },
    "result": {
      "announcement": {
        "author": null,
        "course_code": "CS-101",
        "course_id": "101",
        "html_url": "https://example.instructure.com/courses/101/discussion_topics/1",
        "id": "1",
        "message_markdown": null,
        "posted_at": "2026-09-09T12:00:00Z",
        "posted_at_local": "2026-09-09T08:00:00-04:00",
        "read": true,
        "title": "Hello"
      }
    },
    "schema": "canvas-cli/announcement@1",
    "warnings": []
  },
  {
    "exit": 0,
    "freshness": [],
    "generated_at": "2026-09-09T17:05:12Z",
    "identity": {
      "key": "example.instructure.com-1-deadbeef",
      "origin": "https://example.instructure.com",
      "user_id": "1"
    },
    "outcome": "ok",
    "partial": [],
    "profile": "default",
    "requests": {
      "api": 0,
      "cost": null,
      "storage": 0
    },
    "result": {
      "items": [
        {
          "all_day": false,
          "all_day_date": null,
          "course_code": "CS-101",
          "course_id": "101",
          "due_at": "2026-09-09T23:59:00Z",
          "due_at_local": "2026-09-09T19:59:00-04:00",
          "end_at": null,
          "end_at_local": null,
          "html_url": "https://example.instructure.com/courses/101/assignments/500",
          "id": "500",
          "is_deadline": true,
          "kind": "assignment",
          "start_at": null,
          "start_at_local": null,
          "title": "Problem Set 2",
          "uid": "canvas-assignment-500@example.instructure.com-1-deadbeef"
        },
        {
          "all_day": false,
          "all_day_date": null,
          "course_code": "CS-101",
          "course_id": "101",
          "due_at": null,
          "due_at_local": null,
          "end_at": "2026-09-10T16:00:00Z",
          "end_at_local": "2026-09-10T12:00:00-04:00",
          "html_url": "https://example.instructure.com/calendar?event_id=700&include_contexts=course_101",
          "id": "700",
          "is_deadline": false,
          "kind": "event",
          "start_at": "2026-09-10T15:00:00Z",
          "start_at_local": "2026-09-10T11:00:00-04:00",
          "title": "Review session",
          "uid": "canvas-event-700@example.instructure.com-1-deadbeef"
        },
        {
          "all_day": true,
          "all_day_date": "2026-09-14",
          "course_code": null,
          "course_id": null,
          "due_at": null,
          "due_at_local": null,
          "end_at": "2026-09-14T04:00:00Z",
          "end_at_local": "2026-09-14T00:00:00-04:00",
          "html_url": null,
          "id": "701",
          "is_deadline": false,
          "kind": "event",
          "start_at": "2026-09-14T04:00:00Z",
          "start_at_local": "2026-09-14T00:00:00-04:00",
          "title": "Reading day",
          "uid": "canvas-event-701@example.instructure.com-1-deadbeef"
        }
      ],
      "window": {
        "end": "2026-09-22",
        "start": "2026-09-08"
      }
    },
    "schema": "canvas-cli/calendar@1",
    "warnings": []
  },
  {
    "exit": 0,
    "freshness": [],
    "generated_at": "2026-09-09T17:05:12Z",
    "identity": {
      "key": "example.instructure.com-1-deadbeef",
      "origin": "https://example.instructure.com",
      "user_id": "1"
    },
    "outcome": "ok",
    "partial": [],
    "profile": "default",
    "requests": {
      "api": 0,
      "cost": null,
      "storage": 0
    },
    "result": {
      "id": "101",
      "launched": true,
      "target_kind": "course",
      "url": "https://example.instructure.com/courses/101"
    },
    "schema": "canvas-cli/open@1",
    "warnings": []
  },
  {
    "exit": 0,
    "freshness": [],
    "generated_at": "2026-09-09T17:05:12Z",
    "identity": {
      "key": "example.instructure.com-1-deadbeef",
      "origin": "https://example.instructure.com",
      "user_id": "1"
    },
    "outcome": "ok",
    "partial": [],
    "profile": "default",
    "requests": {
      "api": 0,
      "cost": null,
      "storage": 0
    },
    "result": {
      "datasets": [
        {
          "complete": true,
          "count": 1,
          "dataset": "courses",
          "error": null,
          "fetched_at": "2026-09-09T17:05:12Z",
          "requests": 1,
          "scope": "active",
          "source": "network",
          "stale": false
        }
      ]
    },
    "schema": "canvas-cli/sync@1",
    "warnings": []
  },
  {
    "exit": 0,
    "freshness": [],
    "generated_at": "2026-09-09T17:05:12Z",
    "identity": {
      "key": "example.instructure.com-1-deadbeef",
      "origin": "https://example.instructure.com",
      "user_id": "1"
    },
    "outcome": "ok",
    "partial": [],
    "profile": "default",
    "requests": {
      "api": 0,
      "cost": null,
      "storage": 0
    },
    "result": {
      "datasets": [
        {
          "complete": true,
          "count": 1,
          "dataset": "courses",
          "fetched_at": "2026-09-09T17:05:12Z",
          "scope": "active",
          "source": "cache",
          "stale": false
        }
      ],
      "path": "/tmp/canvas-cli/cache",
      "size_bytes": 4096,
      "tables": [
        {
          "name": "entities",
          "rows": 10
        }
      ]
    },
    "schema": "canvas-cli/cache@1",
    "warnings": []
  },
  {
    "exit": 0,
    "freshness": [],
    "generated_at": "2026-09-09T17:05:12Z",
    "identity": {
      "key": "example.instructure.com-1-deadbeef",
      "origin": "https://example.instructure.com",
      "user_id": "1"
    },
    "outcome": "ok",
    "partial": [],
    "profile": "default",
    "requests": {
      "api": 0,
      "cost": null,
      "storage": 0
    },
    "result": {
      "aliases": [
        {
          "course_code": "CS-101",
          "course_id": "101",
          "name": "cs"
        }
      ]
    },
    "schema": "canvas-cli/alias@1",
    "warnings": []
  },
  {
    "exit": 0,
    "freshness": [],
    "generated_at": "2026-09-09T17:05:12Z",
    "identity": {
      "key": "example.instructure.com-1-deadbeef",
      "origin": "https://example.instructure.com",
      "user_id": "1"
    },
    "outcome": "ok",
    "partial": [],
    "profile": "default",
    "requests": {
      "api": 0,
      "cost": null,
      "storage": 0
    },
    "result": {
      "backend": "keyring",
      "identity": {
        "key": "example.instructure.com-1-deadbeef",
        "origin": "https://example.instructure.com",
        "user_id": "1"
      },
      "pending_cleanup": [
        "keyring"
      ],
      "profile": "default",
      "stray_sources": [],
      "token_source": "keyring",
      "validated_at": "2026-09-09T17:05:12Z"
    },
    "schema": "canvas-cli/auth_status@1",
    "warnings": []
  },
  {
    "exit": 0,
    "freshness": [],
    "generated_at": "2026-09-09T17:05:12Z",
    "identity": {
      "key": "example.instructure.com-1-deadbeef",
      "origin": "https://example.instructure.com",
      "user_id": "1"
    },
    "outcome": "ok",
    "partial": [],
    "profile": "default",
    "requests": {
      "api": 0,
      "cost": null,
      "storage": 0
    },
    "result": {
      "backend": "keyring",
      "identity": {
        "key": "example.instructure.com-1-deadbeef",
        "origin": "https://example.instructure.com",
        "user_id": "1"
      },
      "profile": "default",
      "removed": []
    },
    "schema": "canvas-cli/auth_login@1",
    "warnings": []
  },
  {
    "exit": 0,
    "freshness": [],
    "generated_at": "2026-09-09T17:05:12Z",
    "identity": {
      "key": "example.instructure.com-1-deadbeef",
      "origin": "https://example.instructure.com",
      "user_id": "1"
    },
    "outcome": "ok",
    "partial": [],
    "profile": "default",
    "requests": {
      "api": 0,
      "cost": null,
      "storage": 0
    },
    "result": {
      "backend": "keyring",
      "identity": {
        "key": "example.instructure.com-1-deadbeef",
        "origin": "https://example.instructure.com",
        "user_id": "1"
      },
      "profile": "default",
      "removed": [
        "keyring"
      ]
    },
    "schema": "canvas-cli/auth_logout@1",
    "warnings": []
  },
  {
    "exit": 0,
    "freshness": [],
    "generated_at": "2026-09-09T17:05:12Z",
    "identity": null,
    "outcome": "ok",
    "partial": [],
    "profile": null,
    "requests": {
      "api": 0,
      "cost": null,
      "storage": 0
    },
    "result": {
      "identities": []
    },
    "schema": "canvas-cli/identity@1",
    "warnings": []
  },
  {
    "exit": 0,
    "freshness": [],
    "generated_at": "2026-09-09T17:05:12Z",
    "identity": null,
    "outcome": "ok",
    "partial": [],
    "profile": null,
    "requests": {
      "api": 0,
      "cost": null,
      "storage": 0
    },
    "result": {
      "key": "default_profile",
      "value": "default"
    },
    "schema": "canvas-cli/config@1",
    "warnings": []
  },
  {
    "exit": 0,
    "freshness": [],
    "generated_at": "2026-09-09T17:05:12Z",
    "identity": null,
    "outcome": "ok",
    "partial": [],
    "profile": null,
    "requests": {
      "api": 0,
      "cost": null,
      "storage": 0
    },
    "result": {
      "checks": [],
      "identity_selected": false,
      "recovered_journals": []
    },
    "schema": "canvas-cli/doctor@1",
    "warnings": []
  },
  {
    "exit": 0,
    "freshness": [],
    "generated_at": "2026-09-09T17:05:12Z",
    "identity": null,
    "outcome": "ok",
    "partial": [],
    "profile": null,
    "requests": {
      "api": 0,
      "cost": null,
      "storage": 0
    },
    "result": {
      "commit": null,
      "target": "aarch64-apple-darwin",
      "version": "0.1.0"
    },
    "schema": "canvas-cli/version@1",
    "warnings": []
  },
  {
    "exit": 3,
    "freshness": [],
    "generated_at": "2026-09-09T17:05:12Z",
    "identity": null,
    "outcome": "error",
    "partial": [],
    "profile": null,
    "requests": {
      "api": 0,
      "cost": null,
      "storage": 0
    },
    "result": {
      "code": "auth",
      "details": {},
      "http_status": 401,
      "message": "unauthorized",
      "server_errors": []
    },
    "schema": "canvas-cli/error@1",
    "warnings": []
  },
  {
    "exit": 0,
    "freshness": [],
    "generated_at": "2026-09-09T17:05:12Z",
    "identity": {
      "key": "example.instructure.com-1-deadbeef",
      "origin": "https://example.instructure.com",
      "user_id": "1"
    },
    "outcome": "ok",
    "partial": [],
    "profile": "default",
    "requests": {
      "api": 0,
      "cost": null,
      "storage": 0
    },
    "result": {
      "journal": {
        "acknowledged_at": null,
        "assignment_id": "202",
        "assignment_name": "Essay 1",
        "baseline_attempt": 0,
        "course_code": "CS-101",
        "course_id": "101",
        "created_at": "2026-09-09T16:04:58Z",
        "error": null,
        "journal_id": "01932f3a-8b2c-7d4e-9f01-23456789abcd",
        "kind": "online_upload",
        "not_submitted_evidence": null,
        "owner": "n/a",
        "post_status": 201,
        "posted": {
          "attachments": [
            {
              "content_type": "application/pdf",
              "display_name": "essay.pdf",
              "id": "55001",
              "size": 24576
            }
          ],
          "attempt": 1,
          "body_sha256": null,
          "evidence": "post-response",
          "excused": false,
          "late": false,
          "missing": false,
          "response_sha256": "aaaaaaaaaaaaaaaaaaaaaaaaaaaaaaaaaaaaaaaaaaaaaaaaaaaaaaaaaaaaaaaa",
          "submission_id": "9001",
          "submission_type": "online_upload",
          "submitted_at": "2026-09-09T16:05:00Z",
          "submitted_at_local": "2026-09-09T12:05:00-04:00",
          "url": null,
          "workflow_state": "submitted"
        },
        "readback": null,
        "receipt_id": "01932f3a-9c3d-7e5f-a012-3456789abcde",
        "response_kind": null,
        "server_match": null,
        "state": "submitted",
        "superseded": false,
        "updated_at": "2026-09-09T16:05:01Z",
        "uploaded_file_ids": [
          "55001"
        ]
      },
      "receipt": {
        "assignment_id": "202",
        "assignment_name": "Essay 1",
        "attribution": "observed",
        "baseline_attempt": 0,
        "cli_version": "0.1.0",
        "course_code": "CS-101",
        "course_id": "101",
        "created_at": "2026-09-09T16:04:58Z",
        "due_at": "2026-09-15T23:59:59Z",
        "files": [
          {
            "canvas_file_id": "55001",
            "name": "essay.pdf",
            "sha256": "bbbbbbbbbbbbbbbbbbbbbbbbbbbbbbbbbbbbbbbbbbbbbbbbbbbbbbbbbbbbbbbb",
            "size": 24576
          }
        ],
        "identity": {
          "key": "example.instructure.com-1-deadbeef",
          "origin": "https://example.instructure.com",
          "user_id": "1"
        },
        "journal_id": "01932f3a-8b2c-7d4e-9f01-23456789abcd",
        "kind": "online_upload",
        "posted": {
          "attachments": [
            {
              "content_type": "application/pdf",
              "display_name": "essay.pdf",
              "id": "55001",
              "size": 24576
            }
          ],
          "attempt": 1,
          "body_sha256": null,
          "evidence": "post-response",
          "excused": false,
          "late": false,
          "missing": false,
          "response_sha256": "aaaaaaaaaaaaaaaaaaaaaaaaaaaaaaaaaaaaaaaaaaaaaaaaaaaaaaaaaaaaaaaa",
          "submission_id": "9001",
          "submission_type": "online_upload",
          "submitted_at": "2026-09-09T16:05:00Z",
          "submitted_at_local": "2026-09-09T12:05:00-04:00",
          "url": null,
          "workflow_state": "submitted"
        },
        "readback": {
          "attachments": [
            {
              "content_type": "application/pdf",
              "display_name": "essay.pdf",
              "id": "55001",
              "size": 24576
            }
          ],
          "body_sha256": null,
          "late": false,
          "submitted_at": "2026-09-09T16:05:00Z",
          "submitted_at_local": "2026-09-09T12:05:00-04:00"
        },
        "receipt_id": "01932f3a-9c3d-7e5f-a012-3456789abcde",
        "text": null,
        "url": null
      }
    },
    "schema": "canvas-cli/receipts@1",
    "warnings": []
  },
  {
    "exit": 0,
    "freshness": [],
    "generated_at": "2026-09-09T17:05:12Z",
    "identity": {
      "key": "example.instructure.com-1-deadbeef",
      "origin": "https://example.instructure.com",
      "user_id": "1"
    },
    "outcome": "ok",
    "partial": [],
    "profile": "default",
    "requests": {
      "api": 0,
      "cost": null,
      "storage": 0
    },
    "result": {
      "bytes": 1024,
      "path": "/home/ada/receipt.json",
      "receipt_id": "01932f3a-9c3d-7e5f-a012-3456789abcde"
    },
    "schema": "canvas-cli/receipts@1",
    "warnings": []
  },
  {
    "exit": 0,
    "freshness": [],
    "generated_at": "2026-09-09T17:05:12Z",
    "identity": {
      "key": "example.instructure.com-1-deadbeef",
      "origin": "https://example.instructure.com",
      "user_id": "1"
    },
    "outcome": "ok",
    "partial": [],
    "profile": "default",
    "requests": {
      "api": 0,
      "cost": null,
      "storage": 0
    },
    "result": {
      "acknowledged_at": "2026-09-09T16:20:00Z",
      "journal_id": "01932f3a-8b2c-7d4e-9f01-23456789abcd"
    },
    "schema": "canvas-cli/receipts@1",
    "warnings": []
  },
  {
    "exit": 0,
    "freshness": [],
    "generated_at": "2026-09-09T17:05:12Z",
    "identity": {
      "key": "example.instructure.com-1-deadbeef",
      "origin": "https://example.instructure.com",
      "user_id": "1"
    },
    "outcome": "ok",
    "partial": [],
    "profile": "default",
    "requests": {
      "api": 0,
      "cost": null,
      "storage": 0
    },
    "result": {
      "cleared": true,
      "rows_deleted": 12
    },
    "schema": "canvas-cli/cache@1",
    "warnings": []
  },
  {
    "exit": 0,
    "freshness": [],
    "generated_at": "2026-09-09T17:05:12Z",
    "identity": {
      "key": "example.instructure.com-1-deadbeef",
      "origin": "https://example.instructure.com",
      "user_id": "1"
    },
    "outcome": "ok",
    "partial": [],
    "profile": "default",
    "requests": {
      "api": 0,
      "cost": null,
      "storage": 0
    },
    "result": {
      "path": "/tmp/canvas-cli/cache"
    },
    "schema": "canvas-cli/cache@1",
    "warnings": []
  },
  {
    "exit": 0,
    "freshness": [],
    "generated_at": "2026-09-09T17:05:12Z",
    "identity": null,
    "outcome": "ok",
    "partial": [],
    "profile": null,
    "requests": {
      "api": 0,
      "cost": null,
      "storage": 0
    },
    "result": {
      "key": "default_profile",
      "previous": null,
      "value": "default"
    },
    "schema": "canvas-cli/config@1",
    "warnings": []
  },
  {
    "exit": 0,
    "freshness": [],
    "generated_at": "2026-09-09T17:05:12Z",
    "identity": null,
    "outcome": "ok",
    "partial": [],
    "profile": null,
    "requests": {
      "api": 0,
      "cost": null,
      "storage": 0
    },
    "result": {
      "path": "/home/ada/.config/canvas-cli/config.toml"
    },
    "schema": "canvas-cli/config@1",
    "warnings": []
  },
  {
    "exit": 0,
    "freshness": [],
    "generated_at": "2026-09-09T17:05:12Z",
    "identity": null,
    "outcome": "ok",
    "partial": [],
    "profile": null,
    "requests": {
      "api": 0,
      "cost": null,
      "storage": 0
    },
    "result": {
      "default_profile_cleared": true,
      "key": "example.instructure.com-1-deadbeef",
      "profiles_removed": [
        "default"
      ],
      "removed": true
    },
    "schema": "canvas-cli/identity@1",
    "warnings": []
  }
]
