---
source: crates/canvas-cli/src/output/registry.rs
expression: rendered
---
[
  {
    "exit": 0,
    "freshness": [],
    "generated_at": "2026-09-09T17:05:12Z",
    "identity": {
      "key": "example.instructure.com-1-deadbeef",
      "origin": "https://example.instructure.com",
      "user_id": "1"
    },
    "outcome": "ok",
    "partial": [],
    "profile": "default",
    "requests": {
      "api": 0,
      "cost": null,
      "storage": 0
    },
    "result": {
      "courses": [
        {
          "code": "SYN-600",
          "enrollment_state": "active",
          "grades": {
            "current_grade": "C",
            "current_score": 73.25,
            "final_grade": null,
            "final_score": null,
            "period": {
              "id": null,
              "mode": "current",
              "title": null
            }
          },
          "html_url": "https://canvas.example.test/courses/60101",
          "id": "60101",
          "is_favorite": true,
          "name": "Synthetic name",
          "restricted": false,
          "term": {
            "end_at": "2040-12-15T05:00:00Z",
            "id": "60007",
            "name": "Synthetic name",
            "start_at": "2040-08-25T04:00:00Z"
          }
        }
      ]
    },
    "schema": "canvas-cli/courses@1",
    "warnings": []
  },
  {
    "exit": 0,
    "freshness": [],
    "generated_at": "2026-09-09T17:05:12Z",
    "identity": {
      "key": "example.instructure.com-1-deadbeef",
      "origin": "https://example.instructure.com",
      "user_id": "1"
    },
    "outcome": "ok",
    "partial": [],
    "profile": "default",
    "requests": {
      "api": 0,
      "cost": null,
      "storage": 0
    },
    "result": {
      "course": {
        "code": "SYN-600",
        "enrollment_state": "active",
        "grades": {
          "current_grade": "C",
          "current_score": 73.25,
          "final_grade": null,
          "final_score": null,
          "period": {
            "id": null,
            "mode": "current",
            "title": null
          }
        },
        "html_url": "https://canvas.example.test/courses/60101",
        "id": "60101",
        "is_favorite": true,
        "modules_count": 4,
        "name": "Synthetic name",
        "restricted": false,
        "syllabus_markdown": null,
        "teachers": [
          {
            "id": "60055",
            "name": "Synthetic name"
          }
        ],
        "term": {
          "end_at": "2040-12-15T05:00:00Z",
          "id": "60007",
          "name": "Synthetic name",
          "start_at": "2040-08-25T04:00:00Z"
        },
        "time_zone": "America/New_York"
      }
    },
    "schema": "canvas-cli/course@1",
    "warnings": []
  },
  {
    "exit": 0,
    "freshness": [],
    "generated_at": "2026-09-09T17:05:12Z",
    "identity": {
      "key": "example.instructure.com-1-deadbeef",
      "origin": "https://example.instructure.com",
      "user_id": "1"
    },
    "outcome": "ok",
    "partial": [],
    "profile": "default",
    "requests": {
      "api": 0,
      "cost": null,
      "storage": 0
    },
    "result": {
      "counts": {
        "due_today": 1,
        "due_week": 1,
        "hidden": 0,
        "missing": 0
      },
      "items": [
        {
          "assignment_id": "60002",
          "availability": {
            "external": null,
            "lock_at": null,
            "lock_at_local": null,
            "lock_explanation": null,
            "locked": null,
            "submittable": null,
            "unlock_at": null,
            "unlock_at_local": null
          },
          "course_code": "SYN-600",
          "course_id": "60001",
          "dismissed": false,
          "due_at": "2040-09-10T03:59:00Z",
          "due_at_local": "2040-09-09T23:59:00-04:00",
          "html_url": null,
          "id": "60002",
          "key": "assignment:2",
          "kind": "assignment",
          "marked_complete": false,
          "parent_assignment_id": null,
          "points_possible": null,
          "raw_type": "assignment",
          "scheduled_at": "2040-09-10T03:59:00Z",
          "scheduled_at_local": "2040-09-09T23:59:00-04:00",
          "status": {
            "attempt": null,
            "excused": null,
            "grade": null,
            "graded": false,
            "late": null,
            "missing": false,
            "pending": false,
            "posted_at": null,
            "score": null,
            "submitted": false,
            "submitted_at": null,
            "submitted_at_local": null,
            "workflow_state": null
          },
          "title": "Synthetic title"
        }
      ],
      "window": {
        "days": 14,
        "end": "2040-09-21",
        "start": "2040-09-08"
      }
    },
    "schema": "canvas-cli/todo@1",
    "warnings": []
  },
  {
    "exit": 0,
    "freshness": [],
    "generated_at": "2026-09-09T17:05:12Z",
    "identity": {
      "key": "example.instructure.com-1-deadbeef",
      "origin": "https://example.instructure.com",
      "user_id": "1"
    },
    "outcome": "ok",
    "partial": [],
    "profile": "default",
    "requests": {
      "api": 0,
      "cost": null,
      "storage": 0
    },
    "result": {
      "assignments": [
        {
          "allowed_attempts": 3,
          "allowed_extensions": [
            "pdf"
          ],
          "availability": {
            "external": false,
            "lock_at": null,
            "lock_at_local": null,
            "lock_explanation": null,
            "locked": false,
            "submittable": false,
            "unlock_at": null,
            "unlock_at_local": null
          },
          "course_id": "60001",
          "due_at": "2040-09-10T03:59:00Z",
          "due_at_local": "2040-09-09T23:59:00-04:00",
          "group_assignment": false,
          "html_url": "https://canvas.test/courses/60001/assignments/60002",
          "id": "60002",
          "name": "Synthetic name",
          "points_possible": 10.0,
          "status": {
            "attempt": 0,
            "excused": false,
            "grade": null,
            "graded": false,
            "late": false,
            "missing": false,
            "pending": false,
            "posted_at": null,
            "score": null,
            "submitted": false,
            "submitted_at": null,
            "submitted_at_local": null,
            "workflow_state": "unsubmitted"
          },
          "submission_types": [
            "online_upload"
          ]
        },
        {
          "allowed_attempts": 3,
          "allowed_extensions": [
            "pdf"
          ],
          "availability": {
            "external": false,
            "lock_at": null,
            "lock_at_local": null,
            "lock_explanation": null,
            "locked": false,
            "submittable": null,
            "unlock_at": null,
            "unlock_at_local": null
          },
          "course_id": "60001",
          "due_at": null,
          "due_at_local": null,
          "group_assignment": false,
          "html_url": null,
          "id": "60003",
          "name": "Synthetic name",
          "points_possible": 10.0,
          "status": {
            "attempt": 0,
            "excused": false,
            "grade": null,
            "graded": false,
            "late": false,
            "missing": false,
            "pending": false,
            "posted_at": null,
            "score": null,
            "submitted": false,
            "submitted_at": null,
            "submitted_at_local": null,
            "workflow_state": "unsubmitted"
          },
          "submission_types": [
            "online_upload"
          ]
        }
      ],
      "bucket": "all",
      "course_id": "60001"
    },
    "schema": "canvas-cli/assignments@1",
    "warnings": []
  },
  {
    "exit": 0,
    "freshness": [],
    "generated_at": "2026-09-09T17:05:12Z",
    "identity": {
      "key": "example.instructure.com-1-deadbeef",
      "origin": "https://example.instructure.com",
      "user_id": "1"
    },
    "outcome": "ok",
    "partial": [],
    "profile": "default",
    "requests": {
      "api": 0,
      "cost": null,
      "storage": 0
    },
    "result": {
      "assignment": {
        "allowed_attempts": 3,
        "allowed_extensions": [
          "pdf"
        ],
        "availability": {
          "external": false,
          "lock_at": null,
          "lock_at_local": null,
          "lock_explanation": null,
          "locked": false,
          "submittable": false,
          "unlock_at": null,
          "unlock_at_local": null
        },
        "can_submit": false,
        "comments_count": null,
        "course_id": "60001",
        "description_markdown": "Synthetic description markdown",
        "due_at": "2040-09-10T03:59:00Z",
        "due_at_local": "2040-09-09T23:59:00-04:00",
        "external_tool_name": null,
        "extra_attempts": null,
        "group_assignment": false,
        "html_url": "https://canvas.test/courses/60001/assignments/60002",
        "id": "60002",
        "name": "Synthetic name",
        "points_possible": 10.0,
        "rubric": [
          {
            "criterion_use_range": false,
            "description": "Reasoning",
            "id": "c1",
            "long_description": "Shows the steps that lead to the answer.",
            "points": 73.25,
            "ratings": [
              {
                "description": "Full marks",
                "id": "_1001",
                "long_description": null,
                "points": 73.25
              },
              {
                "description": "No marks",
                "id": "_1002",
                "long_description": null,
                "points": 73.25
              }
            ]
          }
        ],
        "rubric_assessed": false,
        "rubric_assessment": [],
        "status": {
          "attempt": 0,
          "excused": false,
          "grade": null,
          "graded": false,
          "late": false,
          "missing": false,
          "pending": false,
          "posted_at": null,
          "score": null,
          "submitted": false,
          "submitted_at": null,
          "submitted_at_local": null,
          "workflow_state": "unsubmitted"
        },
        "submission_types": [
          "online_upload"
        ]
      }
    },
    "schema": "canvas-cli/assignment@1",
    "warnings": []
  },
  {
    "exit": 0,
    "freshness": [],
    "generated_at": "2026-09-09T17:05:12Z",
    "identity": {
      "key": "example.instructure.com-1-deadbeef",
      "origin": "https://example.instructure.com",
      "user_id": "1"
    },
    "outcome": "ok",
    "partial": [],
    "profile": "default",
    "requests": {
      "api": 0,
      "cost": null,
      "storage": 0
    },
    "result": {
      "attribution": "observed",
      "candidates": [],
      "error": null,
      "files": [
        {
          "canvas_file_id": "115001",
          "name": "synthetic-file.pdf",
          "sha256": "bbbbbbbbbbbbbbbbbbbbbbbbbbbbbbbbbbbbbbbbbbbbbbbbbbbbbbbbbbbbbbbb",
          "size": 24576
        }
      ],
      "journal_id": "01932f3a-8b2c-7d4e-9f01-23456789abcd",
      "outcome": "ok",
      "post_status": 201,
      "posted": {
        "attachments": [
          {
            "content_type": "application/pdf",
            "display_name": "synthetic-file.pdf",
            "id": "115001",
            "size": 24576
          }
        ],
        "attempt": 1,
        "body_sha256": null,
        "evidence": "post-response",
        "excused": false,
        "late": false,
        "missing": false,
        "response_sha256": "aaaaaaaaaaaaaaaaaaaaaaaaaaaaaaaaaaaaaaaaaaaaaaaaaaaaaaaaaaaaaaaa",
        "submission_id": "69001",
        "submission_type": "online_upload",
        "submitted_at": "2040-09-09T16:05:00Z",
        "submitted_at_local": "2040-09-09T12:05:00-04:00",
        "url": null,
        "workflow_state": "submitted"
      },
      "receipt_id": "01932f3a-9c3d-7e5f-a012-3456789abcde",
      "replayed": false,
      "response_kind": null,
      "server_match": null,
      "state": "submitted",
      "text": null,
      "url": null
    },
    "schema": "canvas-cli/submit@1",
    "warnings": []
  },
  {
    "exit": 0,
    "freshness": [],
    "generated_at": "2026-09-09T17:05:12Z",
    "identity": {
      "key": "example.instructure.com-1-deadbeef",
      "origin": "https://example.instructure.com",
      "user_id": "1"
    },
    "outcome": "ok",
    "partial": [],
    "profile": "default",
    "requests": {
      "api": 0,
      "cost": null,
      "storage": 0
    },
    "result": {
      "plan": {
        "approval": {
          "at": "2040-09-09T16:04:52Z",
          "channel": "tty",
          "consumer": null,
          "plan_sha256": "cccccccccccccccccccccccccccccccccccccccccccccccccccccccccccccccc"
        },
        "assignment_id": "60202",
        "assignment_name": "Synthetic assignment name",
        "baseline_attempt": 0,
        "comment_chars": 42,
        "consumer": null,
        "course_code": "SYN-600",
        "course_id": "60101",
        "created_at": "2040-09-09T16:04:40Z",
        "due_at": "2040-09-15T23:59:59Z",
        "estimated_attempt": 1,
        "expires_at": "2040-09-09T16:19:40Z",
        "files": [
          {
            "name": "synthetic-file.pdf",
            "sha256": "bbbbbbbbbbbbbbbbbbbbbbbbbbbbbbbbbbbbbbbbbbbbbbbbbbbbbbbbbbbbbbbb",
            "size": 24576
          }
        ],
        "invalidated_reason": null,
        "journal_id": null,
        "kind": "online_upload",
        "operation": null,
        "plan_id": "01932f3a-7a1b-7c3d-8e90-123456789abc",
        "plan_sha256": "cccccccccccccccccccccccccccccccccccccccccccccccccccccccccccccccc",
        "state": "approved",
        "text": null,
        "url": null
      }
    },
    "schema": "canvas-cli/plan@1",
    "warnings": []
  },
  {
    "exit": 0,
    "freshness": [],
    "generated_at": "2026-09-09T17:05:12Z",
    "identity": {
      "key": "example.instructure.com-1-deadbeef",
      "origin": "https://example.instructure.com",
      "user_id": "1"
    },
    "outcome": "ok",
    "partial": [],
    "profile": "default",
    "requests": {
      "api": 0,
      "cost": null,
      "storage": 0
    },
    "result": {
      "history": [
        {
          "attachments": [
            {
              "content_type": "application/pdf",
              "display_name": "synthetic-file.pdf",
              "id": "115000",
              "size": 1024
            }
          ],
          "attempt": 1,
          "score": null,
          "submitted_at": "2040-09-08T12:00:00Z",
          "submitted_at_local": "2040-09-08T08:00:00-04:00"
        },
        {
          "attachments": [
            {
              "content_type": "application/pdf",
              "display_name": "synthetic-file.pdf",
              "id": "115001",
              "size": 24576
            }
          ],
          "attempt": 2,
          "score": 73.25,
          "submitted_at": "2040-09-09T16:05:00Z",
          "submitted_at_local": "2040-09-09T12:05:00-04:00"
        }
      ],
      "pending_journals": [],
      "submission": {
        "attachments": [
          {
            "content_type": "application/pdf",
            "display_name": "synthetic-file.pdf",
            "id": "115001",
            "size": 24576
          }
        ],
        "attempt": 2,
        "body_sha256": null,
        "comments": [
          {
            "author": "Synthetic Instructor",
            "created_at": "2040-09-09T16:40:00Z",
            "created_at_local": "2040-09-09T12:40:00-04:00",
            "id": "60009",
            "text": "Synthetic text"
          }
        ],
        "excused": false,
        "grade": "C",
        "graded": true,
        "late": false,
        "missing": false,
        "pending": false,
        "posted_at": "2040-09-09T16:30:00Z",
        "rubric_assessed": true,
        "rubric_assessment": [
          {
            "comments": "Synthetic rubric comment.",
            "criterion_id": "synthetic_c1",
            "points": 73.25,
            "rating_id": "synthetic_r1"
          }
        ],
        "score": 73.25,
        "submission_type": "online_upload",
        "submitted": true,
        "submitted_at": "2040-09-09T16:05:00Z",
        "submitted_at_local": "2040-09-09T12:05:00-04:00",
        "url": null,
        "workflow_state": "graded"
      }
    },
    "schema": "canvas-cli/submission@1",
    "warnings": []
  },
  {
    "exit": 0,
    "freshness": [],
    "generated_at": "2026-09-09T17:05:12Z",
    "identity": {
      "key": "example.instructure.com-1-deadbeef",
      "origin": "https://example.instructure.com",
      "user_id": "1"
    },
    "outcome": "ok",
    "partial": [],
    "profile": "default",
    "requests": {
      "api": 0,
      "cost": null,
      "storage": 0
    },
    "result": {
      "approval": {
        "at": "2040-09-09T16:04:52Z",
        "channel": "tty",
        "consumer": null,
        "plan_sha256": "cccccccccccccccccccccccccccccccccccccccccccccccccccccccccccccccc"
      },
      "assignment_id": "60202",
      "assignment_name": "Synthetic assignment name",
      "attribution": "observed",
      "baseline_attempt": 0,
      "cli_version": "0.1.0",
      "course_code": "SYN-600",
      "course_id": "60101",
      "created_at": "2040-09-09T16:04:58Z",
      "due_at": "2040-09-15T23:59:59Z",
      "files": [
        {
          "canvas_file_id": "115001",
          "name": "synthetic-file.pdf",
          "sha256": "bbbbbbbbbbbbbbbbbbbbbbbbbbbbbbbbbbbbbbbbbbbbbbbbbbbbbbbbbbbbbbbb",
          "size": 24576
        }
      ],
      "identity": {
        "key": "canvas.example.test-60001-acd6e96a",
        "origin": "https://canvas.example.test",
        "user_id": "60001"
      },
      "journal_id": "01932f3a-8b2c-7d4e-9f01-23456789abcd",
      "kind": "online_upload",
      "operation": null,
      "plan_id": "01932f3a-7a1b-7c3d-8e90-123456789abc",
      "posted": {
        "attachments": [
          {
            "content_type": "application/pdf",
            "display_name": "synthetic-file.pdf",
            "id": "115001",
            "size": 24576
          }
        ],
        "attempt": 1,
        "body_sha256": null,
        "evidence": "post-response",
        "excused": false,
        "late": false,
        "missing": false,
        "response_sha256": "aaaaaaaaaaaaaaaaaaaaaaaaaaaaaaaaaaaaaaaaaaaaaaaaaaaaaaaaaaaaaaaa",
        "submission_id": "69001",
        "submission_type": "online_upload",
        "submitted_at": "2040-09-09T16:05:00Z",
        "submitted_at_local": "2040-09-09T12:05:00-04:00",
        "url": null,
        "workflow_state": "submitted"
      },
      "readback": {
        "attachments": [
          {
            "content_type": "application/pdf",
            "display_name": "synthetic-file.pdf",
            "id": "115001",
            "size": 24576
          }
        ],
        "body_sha256": null,
        "late": false,
        "submitted_at": "2040-09-09T16:05:00Z",
        "submitted_at_local": "2040-09-09T12:05:00-04:00"
      },
      "receipt_id": "01932f3a-9c3d-7e5f-a012-3456789abcde",
      "text": null,
      "url": null
    },
    "schema": "canvas-cli/receipt@1",
    "warnings": []
  },
  {
    "exit": 0,
    "freshness": [],
    "generated_at": "2026-09-09T17:05:12Z",
    "identity": {
      "key": "example.instructure.com-1-deadbeef",
      "origin": "https://example.instructure.com",
      "user_id": "1"
    },
    "outcome": "ok",
    "partial": [],
    "profile": "default",
    "requests": {
      "api": 0,
      "cost": null,
      "storage": 0
    },
    "result": {
      "journals": [
        {
          "acknowledged_at": null,
          "approval": {
            "at": "2040-09-09T16:04:52Z",
            "channel": "tty",
            "consumer": null,
            "plan_sha256": "cccccccccccccccccccccccccccccccccccccccccccccccccccccccccccccccc"
          },
          "assignment_id": "60202",
          "assignment_name": "Synthetic assignment name",
          "baseline_attempt": 0,
          "course_code": "SYN-600",
          "course_id": "60101",
          "created_at": "2040-09-09T16:04:58Z",
          "error": null,
          "journal_id": "01932f3a-8b2c-7d4e-9f01-23456789abcd",
          "kind": "online_upload",
          "not_submitted_evidence": null,
          "operation": null,
          "owner": "n/a",
          "plan_id": "01932f3a-7a1b-7c3d-8e90-123456789abc",
          "post_status": 201,
          "posted": {
            "attachments": [
              {
                "content_type": "application/pdf",
                "display_name": "synthetic-file.pdf",
                "id": "115001",
                "size": 24576
              }
            ],
            "attempt": 1,
            "body_sha256": null,
            "evidence": "post-response",
            "excused": false,
            "late": false,
            "missing": false,
            "response_sha256": "aaaaaaaaaaaaaaaaaaaaaaaaaaaaaaaaaaaaaaaaaaaaaaaaaaaaaaaaaaaaaaaa",
            "submission_id": "69001",
            "submission_type": "online_upload",
            "submitted_at": "2040-09-09T16:05:00Z",
            "submitted_at_local": "2040-09-09T12:05:00-04:00",
            "url": null,
            "workflow_state": "submitted"
          },
          "readback": null,
          "receipt_id": "01932f3a-9c3d-7e5f-a012-3456789abcde",
          "response_kind": null,
          "server_match": null,
          "state": "submitted",
          "superseded": false,
          "updated_at": "2040-09-09T16:05:01Z",
          "uploaded_file_ids": [
            "55001"
          ]
        }
      ]
    },
    "schema": "canvas-cli/receipts@1",
    "warnings": []
  },
  {
    "exit": 0,
    "freshness": [],
    "generated_at": "2026-09-09T17:05:12Z",
    "identity": {
      "key": "example.instructure.com-1-deadbeef",
      "origin": "https://example.instructure.com",
      "user_id": "1"
    },
    "outcome": "ok",
    "partial": [],
    "profile": "default",
    "requests": {
      "api": 0,
      "cost": null,
      "storage": 0
    },
    "result": {
      "attempt": 1,
      "attribution": "observed",
      "body": null,
      "files": [
        {
          "actual_sha256": "bbbbbbbbbbbbbbbbbbbbbbbbbbbbbbbbbbbbbbbbbbbbbbbbbbbbbbbbbbbbbbbb",
          "canvas_file_id": "115001",
          "expected_sha256": "bbbbbbbbbbbbbbbbbbbbbbbbbbbbbbbbbbbbbbbbbbbbbbbbbbbbbbbbbbbbbbbb",
          "name": "synthetic-file.pdf",
          "status": "ok"
        }
      ],
      "outcome": "verified",
      "reason": null,
      "receipt_id": "01932f3a-9c3d-7e5f-a012-3456789abcde"
    },
    "schema": "canvas-cli/verify@1",
    "warnings": []
  },
  {
    "exit": 0,
    "freshness": [],
    "generated_at": "2026-09-09T17:05:12Z",
    "identity": {
      "key": "example.instructure.com-1-deadbeef",
      "origin": "https://example.instructure.com",
      "user_id": "1"
    },
    "outcome": "ok",
    "partial": [],
    "profile": "default",
    "requests": {
      "api": 0,
      "cost": null,
      "storage": 0
    },
    "result": {
      "assume_available": false,
      "attribution": "unproven",
      "candidates": [
        {
          "attachment_ids": [
            "55001"
          ],
          "attempt": 1,
          "submitted_at": "2040-09-09T16:05:00Z",
          "submitted_at_local": "2040-09-09T12:05:00-04:00"
        }
      ],
      "journal_id": "01932f3a-8b2c-7d4e-9f01-23456789abcd",
      "message": "matched via history attachment set",
      "not_submitted_evidence": null,
      "outcome": "ok",
      "owner": "n/a",
      "posted": {
        "attachments": [
          {
            "content_type": "application/pdf",
            "display_name": "synthetic-file.pdf",
            "id": "115001",
            "size": 24576
          }
        ],
        "attempt": 1,
        "body_sha256": null,
        "evidence": "history-files",
        "excused": false,
        "late": false,
        "missing": false,
        "response_sha256": null,
        "submission_id": "69001",
        "submission_type": "online_upload",
        "submitted_at": "2040-09-09T16:05:00Z",
        "submitted_at_local": "2040-09-09T12:05:00-04:00",
        "url": null,
        "workflow_state": "submitted"
      },
      "receipt_id": "01932f3a-9c3d-7e5f-a012-3456789abcde",
      "response_kind": null,
      "server_match": null,
      "state": "matched"
    },
    "schema": "canvas-cli/reconcile@1",
    "warnings": []
  },
  {
    "exit": 0,
    "freshness": [],
    "generated_at": "2026-09-09T17:05:12Z",
    "identity": {
      "key": "example.instructure.com-1-deadbeef",
      "origin": "https://example.instructure.com",
      "user_id": "1"
    },
    "outcome": "ok",
    "partial": [],
    "profile": "default",
    "requests": {
      "api": 0,
      "cost": null,
      "storage": 0
    },
    "result": {
      "acknowledged_at": null,
      "attachments": [],
      "attribution": "accepted",
      "delivery": "observable",
      "error": null,
      "journal_id": "01932f4b-1c2d-7e3f-8a90-0123456789ab",
      "kind": "discussion_reply",
      "not_posted_evidence": null,
      "outcome": "ok",
      "plan_id": "01932f3a-7a1b-7c3d-8e90-123456789abc",
      "post_status": 200,
      "readback": null,
      "receipt_id": "01932f4b-2d3e-7f40-9b01-123456789abc",
      "replayed": false,
      "response": {
        "attachment_ids": [],
        "body_sha256": "dddddddddddddddddddddddddddddddddddddddddddddddddddddddddddddddd",
        "conversation_id": null,
        "created_at": "2040-09-10T14:02:11Z",
        "created_at_local": "2040-09-10T10:02:11-04:00",
        "id": "65003",
        "response_sha256": "eeeeeeeeeeeeeeeeeeeeeeeeeeeeeeeeeeeeeeeeeeeeeeeeeeeeeeeeeeeeeeee",
        "user_id": "60077"
      },
      "response_kind": null,
      "server_match": null,
      "state": "posted",
      "subject": null,
      "target": {
        "conversation_id": null,
        "conversation_subject": null,
        "course_code": "SYN-600",
        "course_id": "60101",
        "kind": "discussion_reply",
        "parent_entry_id": "64002",
        "quiz_id": null,
        "quiz_title": null,
        "recipient_names": [],
        "recipients": [],
        "topic_id": "63001",
        "topic_title": "Week 3 reading"
      },
      "text": {
        "input_sha256": "aaaaaaaaaaaaaaaaaaaaaaaaaaaaaaaaaaaaaaaaaaaaaaaaaaaaaaaaaaaaaaaa",
        "sent_sha256": "dddddddddddddddddddddddddddddddddddddddddddddddddddddddddddddddd",
        "transform": "text-to-html"
      }
    },
    "schema": "canvas-cli/operation@1",
    "warnings": []
  },
  {
    "exit": 0,
    "freshness": [],
    "generated_at": "2026-09-09T17:05:12Z",
    "identity": {
      "key": "example.instructure.com-1-deadbeef",
      "origin": "https://example.instructure.com",
      "user_id": "1"
    },
    "outcome": "ok",
    "partial": [],
    "profile": "default",
    "requests": {
      "api": 0,
      "cost": null,
      "storage": 0
    },
    "result": {
      "assume_not_posted_available": false,
      "attribution": "observed",
      "delivery": "not_observable",
      "journal_id": "01932f4b-1c2d-7e3f-8a90-0123456789ab",
      "kind": "inbox_send",
      "message": "the message this journal describes is in the conversation; Canvas accepted it, and delivery is not observable",
      "outcome": "ok",
      "owner": "absent",
      "readback": {
        "attachment_ids": [],
        "body_sha256": "dddddddddddddddddddddddddddddddddddddddddddddddddddddddddddddddd",
        "complete": true,
        "created_at": "2040-09-10T14:02:11Z",
        "created_at_local": "2040-09-10T10:02:11-04:00",
        "id": "66004",
        "read_at": "2040-09-10T14:31:00Z",
        "scanned": 3,
        "user_id": "60077"
      },
      "receipt_id": "01932f4b-2d3e-7f40-9b01-123456789abc",
      "server_match": null,
      "state": "posted",
      "verdict": "observed"
    },
    "schema": "canvas-cli/operation_reconcile@1",
    "warnings": []
  },
  {
    "exit": 0,
    "freshness": [],
    "generated_at": "2026-09-09T17:05:12Z",
    "identity": {
      "key": "example.instructure.com-1-deadbeef",
      "origin": "https://example.instructure.com",
      "user_id": "1"
    },
    "outcome": "ok",
    "partial": [],
    "profile": "default",
    "requests": {
      "api": 0,
      "cost": null,
      "storage": 0
    },
    "result": {
      "course": {
        "groups": [
          {
            "assignments": [
              {
                "id": "60031",
                "name": "Synthetic name",
                "omit_from_final_grade": false,
                "points_possible": 25.0,
                "status": {
                  "attempt": 1,
                  "excused": false,
                  "grade": "C",
                  "graded": true,
                  "late": false,
                  "missing": false,
                  "pending": false,
                  "posted_at": "2040-09-16T12:00:00Z",
                  "score": 73.25,
                  "submitted": true,
                  "submitted_at": "2040-09-14T18:00:00Z",
                  "submitted_at_local": "2040-09-14T14:00:00-04:00",
                  "workflow_state": "graded"
                }
              },
              {
                "id": "60032",
                "name": "Synthetic name",
                "omit_from_final_grade": false,
                "points_possible": 25.0,
                "status": {
                  "attempt": null,
                  "excused": null,
                  "grade": null,
                  "graded": false,
                  "late": null,
                  "missing": true,
                  "pending": false,
                  "posted_at": null,
                  "score": null,
                  "submitted": false,
                  "submitted_at": null,
                  "submitted_at_local": null,
                  "workflow_state": "unsubmitted"
                }
              }
            ],
            "id": "60020",
            "name": "Synthetic name",
            "position": 1,
            "rules": {
              "drop_highest": null,
              "drop_lowest": 1,
              "never_drop": [
                "60031"
              ]
            },
            "subtotal": {
              "possible": 50.0,
              "score": 73.25
            },
            "weight": 40.0
          },
          {
            "assignments": [],
            "id": "60021",
            "name": "Synthetic name",
            "position": 2,
            "rules": {
              "drop_highest": null,
              "drop_lowest": null,
              "never_drop": []
            },
            "subtotal": null,
            "weight": 60.0
          }
        ],
        "periods": [
          {
            "end_date": "2040-10-31T00:00:00Z",
            "id": "60005",
            "is_current": true,
            "start_date": "2040-09-01T00:00:00Z",
            "title": "Synthetic title"
          },
          {
            "end_date": "2040-12-20T00:00:00Z",
            "id": "60006",
            "is_current": false,
            "start_date": "2040-11-01T00:00:00Z",
            "title": "Synthetic title"
          }
        ]
      },
      "courses": [
        {
          "course": {
            "code": "SYN-600",
            "enrollment_state": "active",
            "html_url": "https://canvas.example.test/courses/60101",
            "id": "60101",
            "is_favorite": true,
            "name": "Synthetic name",
            "restricted": false,
            "term": {
              "end_at": "2040-12-20T00:00:00Z",
              "id": "60007",
              "name": "Synthetic name",
              "start_at": "2040-09-01T00:00:00Z"
            }
          },
          "grades": {
            "current_grade": "C",
            "current_score": 73.25,
            "final_grade": "C",
            "final_score": 73.25,
            "period": {
              "id": "60005",
              "mode": "current",
              "title": "Synthetic title"
            }
          },
          "unavailable_reason": null
        },
        {
          "course": {
            "code": "SYN-600",
            "enrollment_state": "active",
            "html_url": "https://canvas.example.test/courses/60102",
            "id": "60102",
            "is_favorite": false,
            "name": "Synthetic name",
            "restricted": false,
            "term": {
              "end_at": null,
              "id": "60007",
              "name": "Synthetic name",
              "start_at": null
            }
          },
          "grades": {
            "current_grade": null,
            "current_score": null,
            "final_grade": null,
            "final_score": null,
            "period": {
              "id": null,
              "mode": "current",
              "title": null
            }
          },
          "unavailable_reason": "no current grading period total"
        }
      ],
      "period_mode": "current"
    },
    "schema": "canvas-cli/grades@1",
    "warnings": []
  },
  {
    "exit": 0,
    "freshness": [],
    "generated_at": "2026-09-09T17:05:12Z",
    "identity": {
      "key": "example.instructure.com-1-deadbeef",
      "origin": "https://example.instructure.com",
      "user_id": "1"
    },
    "outcome": "ok",
    "partial": [],
    "profile": "default",
    "requests": {
      "api": 0,
      "cost": null,
      "storage": 0
    },
    "result": {
      "course_id": "60101",
      "files": [
        {
          "folder_id": "60002",
          "folder_path": "Slides",
          "hidden": false,
          "id": "60050",
          "lock_explanation": null,
          "locked": false,
          "module_id": null,
          "module_position": null,
          "name": "synthetic-file.pdf",
          "size": 10,
          "source": "listing",
          "updated_at": "2040-09-01T12:00:00Z"
        }
      ],
      "listing": {
        "available": true,
        "http_status": null
      }
    },
    "schema": "canvas-cli/files@1",
    "warnings": []
  },
  {
    "exit": 0,
    "freshness": [],
    "generated_at": "2026-09-09T17:05:12Z",
    "identity": {
      "key": "example.instructure.com-1-deadbeef",
      "origin": "https://example.instructure.com",
      "user_id": "1"
    },
    "outcome": "ok",
    "partial": [],
    "profile": "default",
    "requests": {
      "api": 0,
      "cost": null,
      "storage": 0
    },
    "result": {
      "course_id": "60101",
      "modules": [
        {
          "id": "60008",
          "items": [
            {
              "completed": null,
              "content_id": "60050",
              "html_url": null,
              "id": "60080",
              "lock_explanation": null,
              "locked": false,
              "position": 1,
              "title": "Synthetic title",
              "type": "File"
            }
          ],
          "items_complete": true,
          "items_count": 1,
          "name": "Synthetic name",
          "position": 1,
          "state": "unlocked"
        }
      ]
    },
    "schema": "canvas-cli/modules@1",
    "warnings": []
  },
  {
    "exit": 0,
    "freshness": [],
    "generated_at": "2026-09-09T17:05:12Z",
    "identity": {
      "key": "example.instructure.com-1-deadbeef",
      "origin": "https://example.instructure.com",
      "user_id": "1"
    },
    "outcome": "ok",
    "partial": [],
    "profile": "default",
    "requests": {
      "api": 0,
      "cost": null,
      "storage": 0
    },
    "result": {
      "courses": [
        {
          "course_code": "SYN-600",
          "course_id": "60101",
          "files": [
            {
              "action": "downloaded",
              "error": null,
              "id": "60050",
              "path": "SYN-600-60101/files/Slides/synthetic-slides.pdf",
              "previous_path": null,
              "size": 10,
              "verify": "ok"
            },
            {
              "action": "moved",
              "error": null,
              "id": "60051",
              "path": "SYN-600-60101/files/Slides/synthetic-notes.pdf",
              "previous_path": "SYN-600-60101/files/synthetic-notes.pdf",
              "size": null,
              "verify": null
            }
          ]
        }
      ],
      "dest": "/tmp/out",
      "dry_run": false,
      "totals": {
        "bytes": 10,
        "downloaded": 1,
        "failed": 0,
        "locked": 0,
        "modified": 0,
        "moved": 1,
        "planned": 0,
        "skipped": 0,
        "skipped_external": 0,
        "unavailable": 0,
        "unmanaged": 0,
        "unresolved_move": 0,
        "unsafe_path": 0
      }
    },
    "schema": "canvas-cli/download@1",
    "warnings": []
  },
  {
    "exit": 0,
    "freshness": [],
    "generated_at": "2026-09-09T17:05:12Z",
    "identity": {
      "key": "example.instructure.com-1-deadbeef",
      "origin": "https://example.instructure.com",
      "user_id": "1"
    },
    "outcome": "ok",
    "partial": [],
    "profile": "default",
    "requests": {
      "api": 0,
      "cost": null,
      "storage": 0
    },
    "result": {
      "announcements": [
        {
          "author": "Synthetic Instructor",
          "course_code": "SYN-600",
          "course_id": "60101",
          "html_url": "https://canvas.example.test/courses/60101/discussion_topics/69001",
          "id": "69001",
          "posted_at": "2040-09-08T14:00:00Z",
          "posted_at_local": "2040-09-08T10:00:00-04:00",
          "read": false,
          "title": "Synthetic title"
        },
        {
          "author": null,
          "course_code": "SYN-600",
          "course_id": "60102",
          "html_url": "https://canvas.example.test/courses/60102/discussion_topics/69000",
          "id": "69000",
          "posted_at": "2040-09-02T18:30:00Z",
          "posted_at_local": "2040-09-02T14:30:00-04:00",
          "read": true,
          "title": "Synthetic title"
        }
      ],
      "window": {
        "end": "2040-09-09",
        "start": "2040-08-26"
      }
    },
    "schema": "canvas-cli/announcements@1",
    "warnings": []
  },
  {
    "exit": 0,
    "freshness": [],
    "generated_at": "2026-09-09T17:05:12Z",
    "identity": {
      "key": "example.instructure.com-1-deadbeef",
      "origin": "https://example.instructure.com",
      "user_id": "1"
    },
    "outcome": "ok",
    "partial": [],
    "profile": "default",
    "requests": {
      "api": 0,
      "cost": null,
      "storage": 0
    },
    "result": {
      "announcement": {
        "author": null,
        "course_code": "SYN-600",
        "course_id": "60101",
        "html_url": "https://canvas.example.test/courses/60101/discussion_topics/60001",
        "id": "60001",
        "message_markdown": null,
        "posted_at": "2040-09-09T12:00:00Z",
        "posted_at_local": "2040-09-09T08:00:00-04:00",
        "read": true,
        "title": "Synthetic title"
      }
    },
    "schema": "canvas-cli/announcement@1",
    "warnings": []
  },
  {
    "exit": 0,
    "freshness": [],
    "generated_at": "2026-09-09T17:05:12Z",
    "identity": {
      "key": "example.instructure.com-1-deadbeef",
      "origin": "https://example.instructure.com",
      "user_id": "1"
    },
    "outcome": "ok",
    "partial": [],
    "profile": "default",
    "requests": {
      "api": 0,
      "cost": null,
      "storage": 0
    },
    "result": {
      "items": [
        {
          "all_day": false,
          "all_day_date": null,
          "course_code": "SYN-600",
          "course_id": "60101",
          "due_at": "2040-09-09T23:59:00Z",
          "due_at_local": "2040-09-09T19:59:00-04:00",
          "end_at": null,
          "end_at_local": null,
          "html_url": "https://canvas.example.test/courses/60101/assignments/60500",
          "id": "60500",
          "is_deadline": true,
          "kind": "assignment",
          "start_at": null,
          "start_at_local": null,
          "title": "Synthetic title",
          "uid": "canvas-assignment-60500@canvas.example.test-62001-afc363ff"
        },
        {
          "all_day": false,
          "all_day_date": null,
          "course_code": "SYN-600",
          "course_id": "60101",
          "due_at": null,
          "due_at_local": null,
          "end_at": "2040-09-10T16:00:00Z",
          "end_at_local": "2040-09-10T12:00:00-04:00",
          "html_url": "https://canvas.example.test/calendar?event_id=700&include_contexts=course_101",
          "id": "60700",
          "is_deadline": false,
          "kind": "event",
          "start_at": "2040-09-10T15:00:00Z",
          "start_at_local": "2040-09-10T11:00:00-04:00",
          "title": "Synthetic title",
          "uid": "canvas-event-60700@canvas.example.test-62001-afc363ff"
        },
        {
          "all_day": true,
          "all_day_date": "2040-09-14",
          "course_code": null,
          "course_id": null,
          "due_at": null,
          "due_at_local": null,
          "end_at": "2040-09-14T04:00:00Z",
          "end_at_local": "2040-09-14T00:00:00-04:00",
          "html_url": null,
          "id": "60701",
          "is_deadline": false,
          "kind": "event",
          "start_at": "2040-09-14T04:00:00Z",
          "start_at_local": "2040-09-14T00:00:00-04:00",
          "title": "Synthetic title",
          "uid": "canvas-event-60701@canvas.example.test-62001-afc363ff"
        }
      ],
      "window": {
        "end": "2040-09-22",
        "start": "2040-09-08"
      }
    },
    "schema": "canvas-cli/calendar@1",
    "warnings": []
  },
  {
    "exit": 0,
    "freshness": [],
    "generated_at": "2026-09-09T17:05:12Z",
    "identity": {
      "key": "example.instructure.com-1-deadbeef",
      "origin": "https://example.instructure.com",
      "user_id": "1"
    },
    "outcome": "ok",
    "partial": [],
    "profile": "default",
    "requests": {
      "api": 0,
      "cost": null,
      "storage": 0
    },
    "result": {
      "id": "60101",
      "launched": true,
      "target_kind": "course",
      "url": "https://canvas.example.test/courses/60101"
    },
    "schema": "canvas-cli/open@1",
    "warnings": []
  },
  {
    "exit": 0,
    "freshness": [],
    "generated_at": "2026-09-09T17:05:12Z",
    "identity": {
      "key": "example.instructure.com-1-deadbeef",
      "origin": "https://example.instructure.com",
      "user_id": "1"
    },
    "outcome": "ok",
    "partial": [],
    "profile": "default",
    "requests": {
      "api": 0,
      "cost": null,
      "storage": 0
    },
    "result": {
      "datasets": [
        {
          "complete": true,
          "count": 1,
          "dataset": "courses",
          "error": null,
          "fetched_at": "2040-09-09T17:05:12Z",
          "requests": 1,
          "scope": "active",
          "source": "network",
          "stale": false
        }
      ]
    },
    "schema": "canvas-cli/sync@1",
    "warnings": []
  },
  {
    "exit": 0,
    "freshness": [],
    "generated_at": "2026-09-09T17:05:12Z",
    "identity": {
      "key": "example.instructure.com-1-deadbeef",
      "origin": "https://example.instructure.com",
      "user_id": "1"
    },
    "outcome": "ok",
    "partial": [],
    "profile": "default",
    "requests": {
      "api": 0,
      "cost": null,
      "storage": 0
    },
    "result": {
      "datasets": [
        {
          "complete": true,
          "count": 1,
          "dataset": "courses",
          "fetched_at": "2040-09-09T17:05:12Z",
          "scope": "active",
          "source": "cache",
          "stale": false
        }
      ],
      "path": "/tmp/canvas-cli/cache",
      "size_bytes": 4096,
      "tables": [
        {
          "name": "entities",
          "rows": 10
        }
      ]
    },
    "schema": "canvas-cli/cache@1",
    "warnings": []
  },
  {
    "exit": 0,
    "freshness": [],
    "generated_at": "2026-09-09T17:05:12Z",
    "identity": {
      "key": "example.instructure.com-1-deadbeef",
      "origin": "https://example.instructure.com",
      "user_id": "1"
    },
    "outcome": "ok",
    "partial": [],
    "profile": "default",
    "requests": {
      "api": 0,
      "cost": null,
      "storage": 0
    },
    "result": {
      "aliases": [
        {
          "course_code": "SYN-600",
          "course_id": "60101",
          "name": "Synthetic name"
        }
      ]
    },
    "schema": "canvas-cli/alias@1",
    "warnings": []
  },
  {
    "exit": 0,
    "freshness": [],
    "generated_at": "2026-09-09T17:05:12Z",
    "identity": {
      "key": "example.instructure.com-1-deadbeef",
      "origin": "https://example.instructure.com",
      "user_id": "1"
    },
    "outcome": "ok",
    "partial": [],
    "profile": "default",
    "requests": {
      "api": 0,
      "cost": null,
      "storage": 0
    },
    "result": {
      "backend": "keyring",
      "identity": {
        "key": "canvas.example.test-60001-acd6e96a",
        "origin": "https://canvas.example.test",
        "user_id": "60001"
      },
      "pending_cleanup": [
        "keyring"
      ],
      "profile": "default",
      "stray_sources": [],
      "token_source": "keyring",
      "validated_at": "2040-09-09T17:05:12Z"
    },
    "schema": "canvas-cli/auth_status@1",
    "warnings": []
  },
  {
    "exit": 0,
    "freshness": [],
    "generated_at": "2026-09-09T17:05:12Z",
    "identity": {
      "key": "example.instructure.com-1-deadbeef",
      "origin": "https://example.instructure.com",
      "user_id": "1"
    },
    "outcome": "ok",
    "partial": [],
    "profile": "default",
    "requests": {
      "api": 0,
      "cost": null,
      "storage": 0
    },
    "result": {
      "backend": "keyring",
      "identity": {
        "key": "canvas.example.test-60001-acd6e96a",
        "origin": "https://canvas.example.test",
        "user_id": "60001"
      },
      "profile": "default",
      "removed": []
    },
    "schema": "canvas-cli/auth_login@1",
    "warnings": []
  },
  {
    "exit": 0,
    "freshness": [],
    "generated_at": "2026-09-09T17:05:12Z",
    "identity": {
      "key": "example.instructure.com-1-deadbeef",
      "origin": "https://example.instructure.com",
      "user_id": "1"
    },
    "outcome": "ok",
    "partial": [],
    "profile": "default",
    "requests": {
      "api": 0,
      "cost": null,
      "storage": 0
    },
    "result": {
      "backend": "keyring",
      "identity": {
        "key": "canvas.example.test-60001-acd6e96a",
        "origin": "https://canvas.example.test",
        "user_id": "60001"
      },
      "profile": "default",
      "removed": [
        "keyring"
      ]
    },
    "schema": "canvas-cli/auth_logout@1",
    "warnings": []
  },
  {
    "exit": 0,
    "freshness": [],
    "generated_at": "2026-09-09T17:05:12Z",
    "identity": null,
    "outcome": "ok",
    "partial": [],
    "profile": null,
    "requests": {
      "api": 0,
      "cost": null,
      "storage": 0
    },
    "result": {
      "identities": []
    },
    "schema": "canvas-cli/identity@1",
    "warnings": []
  },
  {
    "exit": 0,
    "freshness": [],
    "generated_at": "2026-09-09T17:05:12Z",
    "identity": null,
    "outcome": "ok",
    "partial": [],
    "profile": null,
    "requests": {
      "api": 0,
      "cost": null,
      "storage": 0
    },
    "result": {
      "key": "default_profile",
      "value": "default"
    },
    "schema": "canvas-cli/config@1",
    "warnings": []
  },
  {
    "exit": 0,
    "freshness": [],
    "generated_at": "2026-09-09T17:05:12Z",
    "identity": null,
    "outcome": "ok",
    "partial": [],
    "profile": null,
    "requests": {
      "api": 0,
      "cost": null,
      "storage": 0
    },
    "result": {
      "checks": [],
      "identity_selected": false,
      "recovered_journals": []
    },
    "schema": "canvas-cli/doctor@1",
    "warnings": []
  },
  {
    "exit": 0,
    "freshness": [],
    "generated_at": "2026-09-09T17:05:12Z",
    "identity": {
      "key": "example.instructure.com-1-deadbeef",
      "origin": "https://example.instructure.com",
      "user_id": "1"
    },
    "outcome": "ok",
    "partial": [],
    "profile": "default",
    "requests": {
      "api": 0,
      "cost": null,
      "storage": 0
    },
    "result": {
      "course_id": "60001",
      "listing": {
        "available": true,
        "http_status": null
      },
      "pages": [
        {
          "front_page": true,
          "id": "60301",
          "published": true,
          "title": "Synthetic title",
          "updated_at": "2040-09-01T14:00:00Z",
          "url": "course-overview"
        }
      ]
    },
    "schema": "canvas-cli/pages@1",
    "warnings": []
  },
  {
    "exit": 0,
    "freshness": [],
    "generated_at": "2026-09-09T17:05:12Z",
    "identity": {
      "key": "example.instructure.com-1-deadbeef",
      "origin": "https://example.instructure.com",
      "user_id": "1"
    },
    "outcome": "ok",
    "partial": [],
    "profile": "default",
    "requests": {
      "api": 0,
      "cost": null,
      "storage": 0
    },
    "result": {
      "page": {
        "body_markdown": "Synthetic body markdown",
        "course_id": "60001",
        "embedded": [
          {
            "kind": "iframe",
            "reported": "unavailable",
            "src_origin": "https://player.test"
          }
        ],
        "external_links": [
          {
            "url": "https://elsewhere.test/notes"
          }
        ],
        "files": [
          {
            "file_id": "60042",
            "name": "synthetic-file.pdf",
            "url": "https://canvas.test/courses/60001/files/60042"
          }
        ],
        "front_page": true,
        "html_url": "https://canvas.test/courses/60001/pages/course-overview",
        "id": "60301",
        "locked_for_user": false,
        "published": true,
        "title": "Synthetic title",
        "truncated": false,
        "updated_at": "2040-09-01T14:00:00Z",
        "url": "course-overview"
      }
    },
    "schema": "canvas-cli/page@1",
    "warnings": []
  },
  {
    "exit": 0,
    "freshness": [],
    "generated_at": "2026-09-09T17:05:12Z",
    "identity": {
      "key": "example.instructure.com-1-deadbeef",
      "origin": "https://example.instructure.com",
      "user_id": "1"
    },
    "outcome": "ok",
    "partial": [],
    "profile": "default",
    "requests": {
      "api": 0,
      "cost": null,
      "storage": 0
    },
    "result": {
      "course_id": "60001",
      "embedded": [],
      "external_links": [],
      "files": [
        {
          "file_id": "60042",
          "name": "synthetic-file.pdf",
          "url": "https://canvas.test/courses/60001/files/60042"
        }
      ],
      "syllabus_markdown": "Synthetic syllabus markdown",
      "truncated": false,
      "updated_at": null
    },
    "schema": "canvas-cli/syllabus@1",
    "warnings": []
  },
  {
    "exit": 0,
    "freshness": [],
    "generated_at": "2026-09-09T17:05:12Z",
    "identity": {
      "key": "example.instructure.com-1-deadbeef",
      "origin": "https://example.instructure.com",
      "user_id": "1"
    },
    "outcome": "ok",
    "partial": [],
    "profile": "default",
    "requests": {
      "api": 0,
      "cost": null,
      "storage": 0
    },
    "result": {
      "course_id": "60001",
      "discussions": [
        {
          "assignment_id": "60002",
          "author": "Synthetic Instructor",
          "course_id": "60001",
          "group_category_id": "60009",
          "html_url": "https://canvas.test/courses/60001/discussion_topics/60055",
          "id": "60055",
          "is_announcement": false,
          "last_reply_at": "2040-09-08T10:00:00Z",
          "locked": false,
          "pinned": false,
          "points_possible": 5.0,
          "posted_at": "2040-09-01T14:00:00Z",
          "read_state": "unread",
          "reply_count": 4,
          "require_initial_post": true,
          "title": "Synthetic title",
          "unread_count": 2
        }
      ],
      "listing": {
        "available": true,
        "http_status": null
      }
    },
    "schema": "canvas-cli/discussions@1",
    "warnings": []
  },
  {
    "exit": 0,
    "freshness": [],
    "generated_at": "2026-09-09T17:05:12Z",
    "identity": {
      "key": "example.instructure.com-1-deadbeef",
      "origin": "https://example.instructure.com",
      "user_id": "1"
    },
    "outcome": "ok",
    "partial": [],
    "profile": "default",
    "requests": {
      "api": 0,
      "cost": null,
      "storage": 0
    },
    "result": {
      "discussion": {
        "assignment_id": "60002",
        "author": "Synthetic Instructor",
        "course_id": "60001",
        "discussion_type": "threaded",
        "embedded": [],
        "external_links": [],
        "files": [],
        "group_category_id": "60009",
        "group_topic_children": [
          {
            "group_id": "60077",
            "id": "60056"
          }
        ],
        "html_url": "https://canvas.test/courses/60001/discussion_topics/60055",
        "id": "60055",
        "is_announcement": false,
        "last_reply_at": "2040-09-08T10:00:00Z",
        "locked": false,
        "message_markdown": "Synthetic message markdown",
        "pinned": false,
        "points_possible": 5.0,
        "posted_at": "2040-09-01T14:00:00Z",
        "read_state": "unread",
        "replies": [
          {
            "created_at": "2040-09-02T09:00:00Z",
            "id": "60900",
            "message_markdown": "Synthetic message markdown",
            "parent_id": null,
            "read_state": "unread",
            "replies_count": 1,
            "truncated": false,
            "user_id": "60031",
            "user_name": "Alex Kim"
          }
        ],
        "replies_coverage": {
          "blocked": null,
          "complete": true,
          "pages_fetched": 2
        },
        "replies_page": 1,
        "replies_total": 1,
        "reply_count": 4,
        "require_initial_post": true,
        "title": "Synthetic title",
        "truncated": false,
        "unread_count": 2
      },
      "pending": false,
      "pending_journals": []
    },
    "schema": "canvas-cli/discussion@1",
    "warnings": []
  },
  {
    "exit": 0,
    "freshness": [],
    "generated_at": "2026-09-09T17:05:12Z",
    "identity": {
      "key": "example.instructure.com-1-deadbeef",
      "origin": "https://example.instructure.com",
      "user_id": "1"
    },
    "outcome": "ok",
    "partial": [],
    "profile": "default",
    "requests": {
      "api": 0,
      "cost": null,
      "storage": 0
    },
    "result": {
      "conversations": [
        {
          "context_name": "SYN-600",
          "id": "60700",
          "last_message_at": "2040-09-09T12:00:00Z",
          "message_count": 3,
          "participants": [
            {
              "id": "60031",
              "name": "Synthetic Participant"
            }
          ],
          "starred": false,
          "subject": "Synthetic subject",
          "workflow_state": "unread"
        }
      ],
      "listing": {
        "available": true,
        "http_status": null
      },
      "pending": false,
      "pending_journals": [],
      "scope": "inbox"
    },
    "schema": "canvas-cli/inbox@1",
    "warnings": []
  },
  {
    "exit": 0,
    "freshness": [],
    "generated_at": "2026-09-09T17:05:12Z",
    "identity": {
      "key": "example.instructure.com-1-deadbeef",
      "origin": "https://example.instructure.com",
      "user_id": "1"
    },
    "outcome": "ok",
    "partial": [],
    "profile": "default",
    "requests": {
      "api": 0,
      "cost": null,
      "storage": 0
    },
    "result": {
      "conversation": {
        "context_name": "SYN-600",
        "id": "60700",
        "last_message_at": "2040-09-09T12:00:00Z",
        "messages": [
          {
            "attachments": [
              {
                "file_id": "60042",
                "name": "synthetic-file.pdf",
                "size": 20480
              }
            ],
            "author_id": "60031",
            "body": "Synthetic body",
            "created_at": "2040-09-09T12:00:00Z",
            "id": "69001",
            "truncated": false
          }
        ],
        "messages_complete": true,
        "participants": [
          {
            "id": "60031",
            "name": "Synthetic Participant"
          }
        ],
        "subject": "Synthetic subject",
        "workflow_state": "unread"
      },
      "pending": false,
      "pending_journals": []
    },
    "schema": "canvas-cli/conversation@1",
    "warnings": []
  },
  {
    "exit": 0,
    "freshness": [],
    "generated_at": "2026-09-09T17:05:12Z",
    "identity": {
      "key": "example.instructure.com-1-deadbeef",
      "origin": "https://example.instructure.com",
      "user_id": "1"
    },
    "outcome": "ok",
    "partial": [],
    "profile": "default",
    "requests": {
      "api": 0,
      "cost": null,
      "storage": 0
    },
    "result": {
      "pending": false,
      "pending_journals": [],
      "unread_count": 2
    },
    "schema": "canvas-cli/inbox_unread@1",
    "warnings": []
  },
  {
    "exit": 0,
    "freshness": [],
    "generated_at": "2026-09-09T17:05:12Z",
    "identity": {
      "key": "example.instructure.com-1-deadbeef",
      "origin": "https://example.instructure.com",
      "user_id": "1"
    },
    "outcome": "ok",
    "partial": [],
    "profile": "default",
    "requests": {
      "api": 0,
      "cost": null,
      "storage": 0
    },
    "result": {
      "course_id": "60101",
      "quizzes": [
        {
          "allowed_attempts": 2,
          "due_at": "2040-09-18T23:59:00Z",
          "id": "60101",
          "locked_for_user": false,
          "points_possible": 10.0,
          "published": true,
          "question_count": 5,
          "quiz_type": "assignment",
          "time_limit": 30,
          "title": "Synthetic title"
        },
        {
          "allowed_attempts": 1,
          "due_at": "2040-09-25T23:59:00Z",
          "id": "60102",
          "locked_for_user": false,
          "points_possible": 8.0,
          "published": true,
          "question_count": 4,
          "quiz_type": "assignment",
          "time_limit": null,
          "title": "Synthetic title"
        }
      ]
    },
    "schema": "canvas-cli/quizzes@1",
    "warnings": []
  },
  {
    "exit": 0,
    "freshness": [],
    "generated_at": "2026-09-09T17:05:12Z",
    "identity": {
      "key": "example.instructure.com-1-deadbeef",
      "origin": "https://example.instructure.com",
      "user_id": "1"
    },
    "outcome": "ok",
    "partial": [],
    "profile": "default",
    "requests": {
      "api": 0,
      "cost": null,
      "storage": 0
    },
    "result": {
      "quiz": {
        "allowed_attempts": 2,
        "assignment_id": "69012",
        "cant_go_back": false,
        "course_id": "60101",
        "description_markdown": "Synthetic description markdown",
        "due_at": "2040-09-18T23:59:00Z",
        "embedded": [],
        "external_links": [],
        "files": [],
        "html_url": "https://school.test/courses/60101/quizzes/60101",
        "id": "60101",
        "ip_filtered": false,
        "lock_at": null,
        "lock_explanation": null,
        "locked_for_user": false,
        "one_question_at_a_time": false,
        "points_possible": 10.0,
        "published": true,
        "question_count": 5,
        "quiz_type": "assignment",
        "require_lockdown_browser": false,
        "time_limit": 30,
        "title": "Synthetic title",
        "truncated": false,
        "unlock_at": "2040-09-14T00:00:00Z",
        "unlocked_for_user": true
      }
    },
    "schema": "canvas-cli/quiz@1",
    "warnings": []
  },
  {
    "exit": 0,
    "freshness": [],
    "generated_at": "2026-09-09T17:05:12Z",
    "identity": {
      "key": "example.instructure.com-1-deadbeef",
      "origin": "https://example.instructure.com",
      "user_id": "1"
    },
    "outcome": "ok",
    "partial": [],
    "profile": "default",
    "requests": {
      "api": 0,
      "cost": null,
      "storage": 0
    },
    "result": {
      "attempt": 1,
      "course_id": "60101",
      "end_at": "2040-09-11T14:30:00Z",
      "questions": [
        {
          "answer": null,
          "answers": [
            {
              "id": "64811",
              "text": "Synthetic text"
            },
            {
              "id": "64812",
              "text": "Synthetic text"
            },
            {
              "id": "64813",
              "text": "Synthetic text"
            },
            {
              "id": "64814",
              "text": "Synthetic text"
            }
          ],
          "id": "60901",
          "name": "Synthetic name",
          "points_possible": 2.0,
          "position": 1,
          "question_type": "multiple_choice_question",
          "text_markdown": "Synthetic text markdown"
        },
        {
          "answer": null,
          "answers": [],
          "id": "60902",
          "name": "Synthetic name",
          "points_possible": 4.0,
          "position": 2,
          "question_type": "essay_question",
          "text_markdown": "Synthetic text markdown"
        },
        {
          "answer": null,
          "answers": [
            {
              "id": "64901",
              "text": "Synthetic text"
            },
            {
              "id": "64902",
              "text": "Synthetic text"
            }
          ],
          "id": "60903",
          "name": "Synthetic name",
          "points_possible": 2.0,
          "position": 3,
          "question_type": "true_false_question",
          "text_markdown": "Synthetic text markdown"
        },
        {
          "answer": null,
          "answers": [
            {
              "id": "65101",
              "text": "Synthetic text"
            },
            {
              "id": "65102",
              "text": "Synthetic text"
            },
            {
              "id": "65103",
              "text": "Synthetic text"
            },
            {
              "id": "65104",
              "text": "Synthetic text"
            }
          ],
          "id": "60904",
          "name": "Synthetic name",
          "points_possible": 2.0,
          "position": 4,
          "question_type": "multiple_answers_question",
          "text_markdown": "Synthetic text markdown"
        }
      ],
      "quiz_id": "60101",
      "started": true,
      "started_at": "2040-09-11T14:00:00Z"
    },
    "schema": "canvas-cli/quiz_questions@1",
    "warnings": []
  },
  {
    "exit": 0,
    "freshness": [],
    "generated_at": "2026-09-09T17:05:12Z",
    "identity": {
      "key": "example.instructure.com-1-deadbeef",
      "origin": "https://example.instructure.com",
      "user_id": "1"
    },
    "outcome": "ok",
    "partial": [],
    "profile": "default",
    "requests": {
      "api": 0,
      "cost": null,
      "storage": 0
    },
    "result": {
      "course_id": "60101",
      "quizzes": [
        {
          "assignment_id": "69013",
          "due_at": "2040-09-18T23:59:00Z",
          "id": "60201",
          "max_attempts": "2",
          "points_possible": 12.0,
          "published": true,
          "time_limit_seconds": 1800,
          "title": "Synthetic title"
        }
      ]
    },
    "schema": "canvas-cli/new-quizzes@1",
    "warnings": []
  },
  {
    "exit": 0,
    "freshness": [],
    "generated_at": "2026-09-09T17:05:12Z",
    "identity": {
      "key": "example.instructure.com-1-deadbeef",
      "origin": "https://example.instructure.com",
      "user_id": "1"
    },
    "outcome": "ok",
    "partial": [],
    "profile": "default",
    "requests": {
      "api": 0,
      "cost": null,
      "storage": 0
    },
    "result": {
      "quiz": {
        "access_code_required": false,
        "assignment_id": "69013",
        "course_id": "60101",
        "due_at": "2040-09-18T23:59:00Z",
        "embedded": [],
        "external_links": [],
        "files": [],
        "html_url": "https://school.test/courses/60101/assignments/69013",
        "id": "60201",
        "instructions_markdown": "Synthetic instructions markdown",
        "lock_at": null,
        "max_attempts": "2",
        "one_at_a_time": "none",
        "points_possible": 12.0,
        "published": true,
        "score_to_keep": "highest",
        "shuffle_answers": true,
        "time_limit_seconds": 1800,
        "title": "Synthetic title",
        "truncated": false,
        "unlock_at": "2040-09-14T00:00:00Z"
      }
    },
    "schema": "canvas-cli/new-quiz@1",
    "warnings": []
  },
  {
    "exit": 0,
    "freshness": [],
    "generated_at": "2026-09-09T17:05:12Z",
    "identity": null,
    "outcome": "ok",
    "partial": [],
    "profile": null,
    "requests": {
      "api": 0,
      "cost": null,
      "storage": 0
    },
    "result": {
      "commit": null,
      "target": "aarch64-apple-darwin",
      "version": "0.1.0"
    },
    "schema": "canvas-cli/version@1",
    "warnings": []
  },
  {
    "exit": 3,
    "freshness": [],
    "generated_at": "2026-09-09T17:05:12Z",
    "identity": null,
    "outcome": "error",
    "partial": [],
    "profile": null,
    "requests": {
      "api": 0,
      "cost": null,
      "storage": 0
    },
    "result": {
      "code": "auth",
      "details": {},
      "http_status": 401,
      "message": "unauthorized",
      "server_errors": []
    },
    "schema": "canvas-cli/error@1",
    "warnings": []
  },
  {
    "exit": 0,
    "freshness": [],
    "generated_at": "2026-09-09T17:05:12Z",
    "identity": {
      "key": "example.instructure.com-1-deadbeef",
      "origin": "https://example.instructure.com",
      "user_id": "1"
    },
    "outcome": "ok",
    "partial": [],
    "profile": "default",
    "requests": {
      "api": 0,
      "cost": null,
      "storage": 0
    },
    "result": {
      "journal": {
        "acknowledged_at": null,
        "approval": {
          "at": "2040-09-09T16:04:52Z",
          "channel": "tty",
          "consumer": null,
          "plan_sha256": "cccccccccccccccccccccccccccccccccccccccccccccccccccccccccccccccc"
        },
        "assignment_id": "60202",
        "assignment_name": "Synthetic assignment name",
        "baseline_attempt": 0,
        "course_code": "SYN-600",
        "course_id": "60101",
        "created_at": "2040-09-09T16:04:58Z",
        "error": null,
        "journal_id": "01932f3a-8b2c-7d4e-9f01-23456789abcd",
        "kind": "online_upload",
        "not_submitted_evidence": null,
        "operation": null,
        "owner": "n/a",
        "plan_id": "01932f3a-7a1b-7c3d-8e90-123456789abc",
        "post_status": 201,
        "posted": {
          "attachments": [
            {
              "content_type": "application/pdf",
              "display_name": "synthetic-file.pdf",
              "id": "115001",
              "size": 24576
            }
          ],
          "attempt": 1,
          "body_sha256": null,
          "evidence": "post-response",
          "excused": false,
          "late": false,
          "missing": false,
          "response_sha256": "aaaaaaaaaaaaaaaaaaaaaaaaaaaaaaaaaaaaaaaaaaaaaaaaaaaaaaaaaaaaaaaa",
          "submission_id": "69001",
          "submission_type": "online_upload",
          "submitted_at": "2040-09-09T16:05:00Z",
          "submitted_at_local": "2040-09-09T12:05:00-04:00",
          "url": null,
          "workflow_state": "submitted"
        },
        "readback": null,
        "receipt_id": "01932f3a-9c3d-7e5f-a012-3456789abcde",
        "response_kind": null,
        "server_match": null,
        "state": "submitted",
        "superseded": false,
        "updated_at": "2040-09-09T16:05:01Z",
        "uploaded_file_ids": [
          "55001"
        ]
      },
      "receipt": {
        "approval": {
          "at": "2040-09-09T16:04:52Z",
          "channel": "tty",
          "consumer": null,
          "plan_sha256": "cccccccccccccccccccccccccccccccccccccccccccccccccccccccccccccccc"
        },
        "assignment_id": "60202",
        "assignment_name": "Synthetic assignment name",
        "attribution": "observed",
        "baseline_attempt": 0,
        "cli_version": "0.1.0",
        "course_code": "SYN-600",
        "course_id": "60101",
        "created_at": "2040-09-09T16:04:58Z",
        "due_at": "2040-09-15T23:59:59Z",
        "files": [
          {
            "canvas_file_id": "115001",
            "name": "synthetic-file.pdf",
            "sha256": "bbbbbbbbbbbbbbbbbbbbbbbbbbbbbbbbbbbbbbbbbbbbbbbbbbbbbbbbbbbbbbbb",
            "size": 24576
          }
        ],
        "identity": {
          "key": "canvas.example.test-60001-acd6e96a",
          "origin": "https://canvas.example.test",
          "user_id": "60001"
        },
        "journal_id": "01932f3a-8b2c-7d4e-9f01-23456789abcd",
        "kind": "online_upload",
        "operation": null,
        "plan_id": "01932f3a-7a1b-7c3d-8e90-123456789abc",
        "posted": {
          "attachments": [
            {
              "content_type": "application/pdf",
              "display_name": "synthetic-file.pdf",
              "id": "115001",
              "size": 24576
            }
          ],
          "attempt": 1,
          "body_sha256": null,
          "evidence": "post-response",
          "excused": false,
          "late": false,
          "missing": false,
          "response_sha256": "aaaaaaaaaaaaaaaaaaaaaaaaaaaaaaaaaaaaaaaaaaaaaaaaaaaaaaaaaaaaaaaa",
          "submission_id": "69001",
          "submission_type": "online_upload",
          "submitted_at": "2040-09-09T16:05:00Z",
          "submitted_at_local": "2040-09-09T12:05:00-04:00",
          "url": null,
          "workflow_state": "submitted"
        },
        "readback": {
          "attachments": [
            {
              "content_type": "application/pdf",
              "display_name": "synthetic-file.pdf",
              "id": "115001",
              "size": 24576
            }
          ],
          "body_sha256": null,
          "late": false,
          "submitted_at": "2040-09-09T16:05:00Z",
          "submitted_at_local": "2040-09-09T12:05:00-04:00"
        },
        "receipt_id": "01932f3a-9c3d-7e5f-a012-3456789abcde",
        "text": null,
        "url": null
      }
    },
    "schema": "canvas-cli/receipts@1",
    "warnings": []
  },
  {
    "exit": 0,
    "freshness": [],
    "generated_at": "2026-09-09T17:05:12Z",
    "identity": {
      "key": "example.instructure.com-1-deadbeef",
      "origin": "https://example.instructure.com",
      "user_id": "1"
    },
    "outcome": "ok",
    "partial": [],
    "profile": "default",
    "requests": {
      "api": 0,
      "cost": null,
      "storage": 0
    },
    "result": {
      "bytes": 1024,
      "path": "/home/example/receipt.json",
      "receipt_id": "01932f3a-9c3d-7e5f-a012-3456789abcde"
    },
    "schema": "canvas-cli/receipts@1",
    "warnings": []
  },
  {
    "exit": 0,
    "freshness": [],
    "generated_at": "2026-09-09T17:05:12Z",
    "identity": {
      "key": "example.instructure.com-1-deadbeef",
      "origin": "https://example.instructure.com",
      "user_id": "1"
    },
    "outcome": "ok",
    "partial": [],
    "profile": "default",
    "requests": {
      "api": 0,
      "cost": null,
      "storage": 0
    },
    "result": {
      "acknowledged_at": "2040-09-09T16:20:00Z",
      "journal_id": "01932f3a-8b2c-7d4e-9f01-23456789abcd"
    },
    "schema": "canvas-cli/receipts@1",
    "warnings": []
  },
  {
    "exit": 0,
    "freshness": [],
    "generated_at": "2026-09-09T17:05:12Z",
    "identity": {
      "key": "example.instructure.com-1-deadbeef",
      "origin": "https://example.instructure.com",
      "user_id": "1"
    },
    "outcome": "ok",
    "partial": [],
    "profile": "default",
    "requests": {
      "api": 0,
      "cost": null,
      "storage": 0
    },
    "result": {
      "cleared": true,
      "rows_deleted": 12
    },
    "schema": "canvas-cli/cache@1",
    "warnings": []
  },
  {
    "exit": 0,
    "freshness": [],
    "generated_at": "2026-09-09T17:05:12Z",
    "identity": {
      "key": "example.instructure.com-1-deadbeef",
      "origin": "https://example.instructure.com",
      "user_id": "1"
    },
    "outcome": "ok",
    "partial": [],
    "profile": "default",
    "requests": {
      "api": 0,
      "cost": null,
      "storage": 0
    },
    "result": {
      "path": "/tmp/canvas-cli/cache"
    },
    "schema": "canvas-cli/cache@1",
    "warnings": []
  },
  {
    "exit": 0,
    "freshness": [],
    "generated_at": "2026-09-09T17:05:12Z",
    "identity": null,
    "outcome": "ok",
    "partial": [],
    "profile": null,
    "requests": {
      "api": 0,
      "cost": null,
      "storage": 0
    },
    "result": {
      "key": "default_profile",
      "previous": null,
      "value": "default"
    },
    "schema": "canvas-cli/config@1",
    "warnings": []
  },
  {
    "exit": 0,
    "freshness": [],
    "generated_at": "2026-09-09T17:05:12Z",
    "identity": null,
    "outcome": "ok",
    "partial": [],
    "profile": null,
    "requests": {
      "api": 0,
      "cost": null,
      "storage": 0
    },
    "result": {
      "path": "/home/example/.config/canvas-cli/config.toml"
    },
    "schema": "canvas-cli/config@1",
    "warnings": []
  },
  {
    "exit": 0,
    "freshness": [],
    "generated_at": "2026-09-09T17:05:12Z",
    "identity": null,
    "outcome": "ok",
    "partial": [],
    "profile": null,
    "requests": {
      "api": 0,
      "cost": null,
      "storage": 0
    },
    "result": {
      "default_profile_cleared": true,
      "key": "canvas.example.test-62001-afc363ff",
      "profiles_removed": [
        "default"
      ],
      "removed": true
    },
    "schema": "canvas-cli/identity@1",
    "warnings": []
  },
  {
    "exit": 0,
    "freshness": [],
    "generated_at": "2026-09-09T17:05:12Z",
    "identity": {
      "key": "example.instructure.com-1-deadbeef",
      "origin": "https://example.instructure.com",
      "user_id": "1"
    },
    "outcome": "ok",
    "partial": [],
    "profile": "default",
    "requests": {
      "api": 0,
      "cost": null,
      "storage": 0
    },
    "result": {
      "cursor": "12",
      "datasets": [
        {
          "complete": true,
          "count": 1,
          "dataset": "courses",
          "error": null,
          "fetched_at": "2040-09-09T17:05:12Z",
          "requests": 1,
          "scope": "active",
          "source": "network",
          "stale": false
        }
      ],
      "events": 1,
      "resync_required": false,
      "since": "0",
      "skipped": null,
      "ticks": 1
    },
    "schema": "canvas-cli/watch@1",
    "warnings": []
  },
  {
    "after": {
      "due_at": "2040-09-12T03:59:00Z"
    },
    "before": {
      "due_at": "2040-09-10T03:59:00Z"
    },
    "cursor": "12",
    "dataset": "assignments",
    "entity_key": "9",
    "generation": "01234567-89ab-4cde-8f01-23456789abcd",
    "identity": {
      "key": "canvas.example.test-60001-acd6e96a",
      "origin": "https://canvas.example.test",
      "user_id": "60001"
    },
    "kind": "due.changed",
    "observed_at": "2040-09-09T17:05:12Z",
    "observed_at_local": "2040-09-09T13:05:12-04:00",
    "schema": "canvas-cli/event@1",
    "scope": "course:100"
  },
  {
    "exit": 0,
    "freshness": [],
    "generated_at": "2026-09-09T17:05:12Z",
    "identity": {
      "key": "example.instructure.com-1-deadbeef",
      "origin": "https://example.instructure.com",
      "user_id": "1"
    },
    "outcome": "ok",
    "partial": [],
    "profile": "default",
    "requests": {
      "api": 0,
      "cost": null,
      "storage": 0
    },
    "result": {
      "api": {
        "announcement": null,
        "assignment": null,
        "course": null
      },
      "attachment": "0f3c9a1b2d4e5f60718293a4b5c6d7e8",
      "browser": {
        "account": {
          "observed_at": "2040-09-10T16:04:40Z",
          "user_id": "72345"
        },
        "assignment_id": "158765",
        "content_reason": null,
        "course_id": "105679",
        "document_id": "6C1F7A2E9B3D4A58",
        "follow": {
          "dispatch_ms": 41,
          "dispatched": true,
          "dispatched_at": "2040-09-10T16:04:39Z",
          "generation": 3,
          "load": "loaded",
          "load_at": "2040-09-10T16:04:40Z",
          "request_id": "7d2c9e10b4f34a5f8e1d0c9b8a7f6e5d",
          "url": "https://canvas.example.test/courses/105679/assignments/158765"
        },
        "frame_id": 0,
        "navigation_generation": 3,
        "notes": [
          {
            "at": "2040-09-10T16:04:38Z",
            "consumer": "mcp:claude-code",
            "generation": 3,
            "note_id": "b6a1d4f27c8e4093a5b6c7d8e9f00112",
            "source_refs": [
              "https://canvas.example.test/courses/105679/assignments/158765"
            ],
            "text": "Synthetic text"
          }
        ],
        "observed_at": "2040-09-10T16:04:40Z",
        "origin": "https://canvas.example.test",
        "page_kind": "assignment",
        "page_url": null,
        "quiz_id": null,
        "selection": "the passage the reader pointed at",
        "selection_bytes": 32,
        "text": "Synthetic text",
        "text_bytes": 26,
        "title": "Synthetic title",
        "topic_id": null,
        "truncated": false,
        "ttl_ms": 0,
        "url": "https://canvas.example.test/courses/105679/assignments/158765",
        "zone": "open"
      },
      "consumer": "mcp:claude-code",
      "identity": {
        "generation": "01932f3a-7a1b-7c3d-8e90-123456789abc",
        "key": "canvas.example.test-62001-afc363ff"
      },
      "reason": null,
      "state": "attached"
    },
    "schema": "canvas-cli/here@1",
    "warnings": []
  },
  {
    "exit": 0,
    "freshness": [],
    "generated_at": "2026-09-09T17:05:12Z",
    "identity": {
      "key": "example.instructure.com-1-deadbeef",
      "origin": "https://example.instructure.com",
      "user_id": "1"
    },
    "outcome": "ok",
    "partial": [],
    "profile": "default",
    "requests": {
      "api": 0,
      "cost": null,
      "storage": 0
    },
    "result": {
      "attachment": "0f3c9a1b2d4e5f60718293a4b5c6d7e8",
      "consumer": "mcp:claude-code",
      "held": 1,
      "note": {
        "at": "2040-09-10T16:04:38Z",
        "consumer": "mcp:claude-code",
        "generation": 3,
        "note_id": "b6a1d4f27c8e4093a5b6c7d8e9f00112",
        "source_refs": [
          "https://canvas.example.test/courses/105679/assignments/158765"
        ],
        "text": "Synthetic text"
      },
      "reason": null
    },
    "schema": "canvas-cli/note@1",
    "warnings": []
  },
  {
    "exit": 0,
    "freshness": [],
    "generated_at": "2026-09-09T17:05:12Z",
    "identity": {
      "key": "example.instructure.com-1-deadbeef",
      "origin": "https://example.instructure.com",
      "user_id": "1"
    },
    "outcome": "ok",
    "partial": [],
    "profile": "default",
    "requests": {
      "api": 0,
      "cost": null,
      "storage": 0
    },
    "result": {
      "attachment": "0f3c9a1b2d4e5f60718293a4b5c6d7e8",
      "consumer": "mcp:claude-code",
      "follow": {
        "dispatch_ms": 41,
        "dispatched": true,
        "dispatched_at": "2040-09-10T16:04:39Z",
        "generation": 3,
        "load": "unknown",
        "load_at": null,
        "request_id": "7d2c9e10b4f34a5f8e1d0c9b8a7f6e5d",
        "url": "https://canvas.example.test/courses/105679/assignments/158765"
      },
      "id": "158765",
      "reason": null,
      "side_effects": [
        "the browser loads the page, and Canvas' own page controllers run: a discussion page marks itself read"
      ],
      "target_kind": "assignment",
      "url": "https://canvas.example.test/courses/105679/assignments/158765"
    },
    "schema": "canvas-cli/follow@1",
    "warnings": []
  },
  {
    "exit": 0,
    "freshness": [],
    "generated_at": "2026-09-09T17:05:12Z",
    "identity": {
      "key": "example.instructure.com-1-deadbeef",
      "origin": "https://example.instructure.com",
      "user_id": "1"
    },
    "outcome": "ok",
    "partial": [],
    "profile": "default",
    "requests": {
      "api": 0,
      "cost": null,
      "storage": 0
    },
    "result": {
      "attachments": [
        {
          "account_user_id": "72345",
          "attached_at": "2040-09-10T16:03:11Z",
          "consumers": [
            "mcp:claude-code"
          ],
          "navigation_generation": 3,
          "origin": "https://canvas.example.test",
          "state": "attached",
          "zone": "open"
        }
      ],
      "endpoint": "/Users/example/.local/share/canvas-cli/bridge/canvas.example.test-62001-afc363ff.sock",
      "manifest": {
        "browser": "chrome",
        "extension_id": "abcdefghijklmnopabcdefghijklmnop",
        "host_name": "com.canvas_cli.bridge",
        "path": "/Users/example/Library/Application Support/Google/Chrome/NativeMessagingHosts/com.canvas_cli.bridge.json",
        "present": true
      },
      "owner": {
        "live": true,
        "pid": 40312,
        "started_at": "2040-09-10T16:00:00Z"
      }
    },
    "schema": "canvas-cli/bridge@1",
    "warnings": []
  },
  {
    "exit": 0,
    "freshness": [],
    "generated_at": "2026-09-09T17:05:12Z",
    "identity": {
      "key": "example.instructure.com-1-deadbeef",
      "origin": "https://example.instructure.com",
      "user_id": "1"
    },
    "outcome": "ok",
    "partial": [],
    "profile": "default",
    "requests": {
      "api": 0,
      "cost": null,
      "storage": 0
    },
    "result": {
      "binary": "/usr/local/bin/canvas",
      "browser": "chrome",
      "extension_id": "abcdefghijklmnopabcdefghijklmnop",
      "host_name": "com.canvas_cli.bridge",
      "manifest_path": "/Users/example/Library/Application Support/Google/Chrome/NativeMessagingHosts/com.canvas_cli.bridge.json",
      "steps": [
        "Open chrome://extensions and turn on Developer mode.",
        "Choose \"Load unpacked\" and select the `extension/` directory of this checkout.",
        "Copy the extension id Chrome shows and run `canvas bridge install --extension-id <ID>` again if it differs.",
        "Open your Canvas tab and click the canvas-cli toolbar button."
      ],
      "written": true
    },
    "schema": "canvas-cli/bridge@1",
    "warnings": []
  },
  {
    "exit": 0,
    "freshness": [],
    "generated_at": "2026-09-09T17:05:12Z",
    "identity": {
      "key": "example.instructure.com-1-deadbeef",
      "origin": "https://example.instructure.com",
      "user_id": "1"
    },
    "outcome": "ok",
    "partial": [],
    "profile": "default",
    "requests": {
      "api": 0,
      "cost": null,
      "storage": 0
    },
    "result": {
      "attachment_id": "0f3c9a1b2d4e5f60718293a4b5c6d7e8",
      "detached": true,
      "reason": null
    },
    "schema": "canvas-cli/bridge@1",
    "warnings": []
  }
]
