---
source: crates/canvas-cli/src/output/registry.rs
expression: json
---
{
  "schema": "canvas-cli/courses@1",
  "generated_at": "2026-09-09T17:05:12Z",
  "profile": "example",
  "identity": {
    "origin": "https://canvas.example.test",
    "user_id": "62001",
    "key": "canvas.example.test-62001-afc363ff"
  },
  "freshness": [
    {
      "dataset": "courses",
      "scope": "active",
      "source": "cache",
      "fetched_at": "2026-09-09T16:00:00Z",
      "complete": true,
      "count": 1,
      "stale": false
    }
  ],
  "requests": {
    "api": 0,
    "storage": 0,
    "cost": null
  },
  "partial": [],
  "warnings": [],
  "outcome": "ok",
  "exit": 0,
  "result": {
    "courses": [
      {
        "id": "60101",
        "code": "SYN-600",
        "name": "Synthetic name",
        "term": {
          "id": "60007",
          "name": "Synthetic name",
          "start_at": "2040-08-25T04:00:00Z",
          "end_at": "2040-12-15T05:00:00Z"
        },
        "enrollment_state": "active",
        "is_favorite": true,
        "restricted": false,
        "html_url": "https://canvas.example.test/courses/60101",
        "grades": {
          "current_score": 73.25,
          "current_grade": "C",
          "final_score": null,
          "final_grade": null,
          "period": {
            "mode": "current",
            "id": null,
            "title": null
          }
        }
      }
    ]
  }
}
