---
source: crates/canvas-cli/tests/e2e/harness.rs
expression: value
---
{
  "exit": 0,
  "freshness": [
    {
      "complete": true,
      "count": 1,
      "dataset": "courses",
      "fetched_at": "2040-09-09T17:05:12Z",
      "scope": "active",
      "source": "cache",
      "stale": false
    },
    {
      "complete": true,
      "count": 1,
      "dataset": "announcements",
      "fetched_at": "2040-09-09T17:05:12Z",
      "scope": "window:2040-08-26..2040-09-09:ctx:f1ede85063de36b37686b6a5c9b998529aa2e850578229c284e68956c7d1ba8f",
      "source": "cache",
      "stale": false
    }
  ],
  "generated_at": "2040-09-09T17:05:12Z",
  "identity": {
    "key": "<identity>",
    "origin": "<origin>",
    "user_id": "60001"
  },
  "outcome": "ok",
  "partial": [],
  "profile": null,
  "requests": {
    "api": 0,
    "cost": null,
    "storage": 0
  },
  "result": {
    "announcements": [
      {
        "author": null,
        "course_code": "SYN-600",
        "course_id": "60100",
        "html_url": "<origin>/courses/60100/discussion_topics/60040",
        "id": "60040",
        "posted_at": "2040-09-01T12:00:00Z",
        "posted_at_local": "2040-09-01T08:00:00-04:00",
        "read": false,
        "title": "Synthetic Announcement"
      }
    ],
    "window": {
      "end": "2040-09-09",
      "start": "2040-08-26"
    }
  },
  "schema": "canvas-cli/announcements@1",
  "warnings": []
}
