---
source: crates/canvas-cli/tests/e2e/harness.rs
expression: value
---
{
  "exit": 0,
  "freshness": [
    {
      "complete": true,
      "count": 1,
      "dataset": "announcement",
      "fetched_at": "2026-09-09T17:05:12Z",
      "scope": "announcement:40",
      "source": "cache",
      "stale": false
    }
  ],
  "generated_at": "2026-09-09T17:05:12Z",
  "identity": {
    "key": "<identity>",
    "origin": "<origin>",
    "user_id": "1"
  },
  "outcome": "ok",
  "partial": [],
  "profile": null,
  "requests": {
    "api": 0,
    "cost": null,
    "storage": 0
  },
  "result": {
    "announcement": {
      "author": null,
      "course_code": null,
      "course_id": "100",
      "html_url": "<origin>/courses/100/discussion_topics/40",
      "id": "40",
      "message_markdown": "Hello",
      "posted_at": "2026-09-01T12:00:00Z",
      "posted_at_local": "2026-09-01T08:00:00-04:00",
      "read": false,
      "title": "Welcome"
    }
  },
  "schema": "canvas-cli/announcement@1",
  "warnings": []
}
