---
source: crates/canvas-cli/tests/e2e/harness.rs
expression: body
---
exit: 0
--- stdout ---
path: <scratch>/data/<identity>/cache.sqlite
size_bytes: 147456
  TABLE                  ROWS  
  courses                1     
  terms                  1     
  assignment_groups      0     
  assignments            2     
  submissions            0     
  modules                0     
  module_items           0     
  folders                0     
  files                  0     
  announcements          1     
  calendar_events        0     
  pages                  0     
  discussion_topics      0     
  discussion_entries     0     
  conversations          0     
  conversation_unread    0     
  planner_items          1     
  enrollment_grades      1     
  course_totals          2     
  grading_periods        1     
  fake_entities          0     
  field_obs              73    
  membership             10    
  fetch_log              9     
--- stderr ---
