---
source: crates/canvas-cli/tests/e2e/harness.rs
expression: body
---
exit: 0
--- stdout ---
  WHEN                COURSE     KIND              TITLE               
  2040-09-15 11:00    SYN-600    event             Synthetic Calendar  
  2040-09-19 23:59    SYN-600    assignment due    Synthetic Planner   
--- stderr ---
