---
source: crates/canvas-cli/tests/e2e/harness.rs
expression: body
---
exit: 0
--- stdout ---
identity selected: true
[ok] config: config parsed
[ok] profile_identity: <origin> / 1
[ok] credential_row: active_source=file cleanup_keyring=false cleanup_file=false
[ok] stray_credentials: none
[ok] databases: cache schema=1, state schema=1
[warn] credential_backend: keyring unavailable
[ok] identity_lock: shared identity lock held; generation verified
[skipped] owner_absent_journals: recovery hook reserved for M2-a
[skipped] network_users_self: network checks not run
[skipped] network_rate_limit: network checks not run
[skipped] network_clock_skew: network checks not run
--- stderr ---
