---
source: crates/canvas-cli/tests/e2e/harness.rs
expression: value
---
{
  "exit": 0,
  "freshness": [
    {
      "complete": true,
      "count": 1,
      "dataset": "announcements",
      "fetched_at": "2026-09-09T17:05:12Z",
      "scope": "window:2026-09-08..2026-09-21:ctx:ad57366865126e55649ecb23ae1d48887544976efea46a48eb5d85a6eeb4d306",
      "source": "network",
      "stale": false
    },
    {
      "complete": true,
      "count": 1,
      "dataset": "assignments",
      "fetched_at": "2026-09-09T17:05:12Z",
      "scope": "course:100",
      "source": "network",
      "stale": false
    },
    {
      "complete": true,
      "count": 1,
      "dataset": "courses",
      "fetched_at": "2026-09-09T17:05:12Z",
      "scope": "active",
      "source": "network",
      "stale": false
    },
    {
      "complete": true,
      "count": 1,
      "dataset": "enrollment_grades",
      "fetched_at": "2026-09-09T17:05:12Z",
      "scope": "period:none",
      "source": "network",
      "stale": false
    },
    {
      "complete": true,
      "count": 1,
      "dataset": "missing",
      "fetched_at": "2026-09-09T17:05:12Z",
      "scope": "all",
      "source": "network",
      "stale": false
    },
    {
      "complete": true,
      "count": 1,
      "dataset": "planner",
      "fetched_at": "2026-09-09T17:05:12Z",
      "scope": "window:2026-09-08..2026-09-21",
      "source": "network",
      "stale": false
    }
  ],
  "generated_at": "2026-09-09T17:05:12Z",
  "identity": {
    "key": "<identity>",
    "origin": "<origin>",
    "user_id": "1"
  },
  "outcome": "ok",
  "partial": [],
  "profile": null,
  "requests": {
    "api": 6,
    "cost": null,
    "storage": 0
  },
  "result": {
    "cursor": null,
    "datasets": [
      {
        "complete": true,
        "count": 1,
        "dataset": "announcements",
        "error": null,
        "fetched_at": "2026-09-09T17:05:12Z",
        "requests": 1,
        "scope": "window:2026-09-08..2026-09-21:ctx:ad57366865126e55649ecb23ae1d48887544976efea46a48eb5d85a6eeb4d306",
        "source": "network",
        "stale": false
      },
      {
        "complete": true,
        "count": 1,
        "dataset": "assignments",
        "error": null,
        "fetched_at": "2026-09-09T17:05:12Z",
        "requests": 1,
        "scope": "course:100",
        "source": "network",
        "stale": false
      },
      {
        "complete": true,
        "count": 1,
        "dataset": "courses",
        "error": null,
        "fetched_at": "2026-09-09T17:05:12Z",
        "requests": 1,
        "scope": "active",
        "source": "network",
        "stale": false
      },
      {
        "complete": true,
        "count": 1,
        "dataset": "enrollment_grades",
        "error": null,
        "fetched_at": "2026-09-09T17:05:12Z",
        "requests": 1,
        "scope": "period:none",
        "source": "network",
        "stale": false
      },
      {
        "complete": true,
        "count": 1,
        "dataset": "missing",
        "error": null,
        "fetched_at": "2026-09-09T17:05:12Z",
        "requests": 1,
        "scope": "all",
        "source": "network",
        "stale": false
      },
      {
        "complete": true,
        "count": 1,
        "dataset": "planner",
        "error": null,
        "fetched_at": "2026-09-09T17:05:12Z",
        "requests": 1,
        "scope": "window:2026-09-08..2026-09-21",
        "source": "network",
        "stale": false
      }
    ],
    "events": 0,
    "resync_required": false,
    "since": null,
    "skipped": null,
    "ticks": 1
  },
  "schema": "canvas-cli/watch@1",
  "warnings": []
}
