---
source: crates/canvas-cli/tests/e2e/harness.rs
expression: value
---
{
  "exit": 0,
  "freshness": [
    {
      "complete": true,
      "count": 1,
      "dataset": "modules",
      "fetched_at": "2040-09-09T17:05:12Z",
      "scope": "course:60100",
      "source": "cache",
      "stale": false
    }
  ],
  "generated_at": "2040-09-09T17:05:12Z",
  "identity": {
    "key": "<identity>",
    "origin": "<origin>",
    "user_id": "60001"
  },
  "outcome": "ok",
  "partial": [],
  "profile": null,
  "requests": {
    "api": 0,
    "cost": null,
    "storage": 0
  },
  "result": {
    "course_id": "60100",
    "modules": [
      {
        "id": "60030",
        "items": [
          {
            "completed": null,
            "content_id": "60501",
            "html_url": null,
            "id": "60031",
            "lock_explanation": null,
            "locked": false,
            "position": 1,
            "title": "Synthetic Module",
            "type": "File"
          }
        ],
        "items_complete": true,
        "items_count": 1,
        "name": "Synthetic Module",
        "position": 1,
        "state": "unlocked"
      }
    ]
  },
  "schema": "canvas-cli/modules@1",
  "warnings": []
}
