---
source: crates/canvas-cli/tests/e2e/harness.rs
expression: body
---
exit: 0
--- stdout ---
Synthetic New Quiz
New Quiz — taken in the browser
<origin>/courses/60100/assignments/69013
12 points · 30 minutes · 2 attempts
due 2040-09-18T23:59:00Z

Synthetic exercise: sort the symbols X, Y, and Z.
--- stderr ---
