---
source: crates/canvas-cli/tests/e2e/harness.rs
expression: value
---
{
  "exit": 0,
  "freshness": [
    {
      "complete": true,
      "count": 1,
      "dataset": "quizzes",
      "fetched_at": "2026-09-09T17:05:12Z",
      "scope": "course:100",
      "source": "network",
      "stale": false
    }
  ],
  "generated_at": "2026-09-09T17:05:12Z",
  "identity": {
    "key": "<identity>",
    "origin": "<origin>",
    "user_id": "1"
  },
  "outcome": "ok",
  "partial": [],
  "profile": null,
  "requests": {
    "api": 8,
    "cost": null,
    "storage": 0
  },
  "result": {
    "acknowledged_at": null,
    "attachments": [],
    "attribution": "accepted",
    "delivery": "observable",
    "error": null,
    "journal_id": "00000000-0000-4000-8000-00000000000j",
    "kind": "quiz_submit",
    "not_posted_evidence": null,
    "outcome": "ok",
    "plan_id": "<id>",
    "post_status": 200,
    "readback": null,
    "receipt_id": "00000000-0000-4000-8000-00000000000r",
    "replayed": false,
    "response": {
      "attachment_ids": [],
      "body_sha256": null,
      "conversation_id": null,
      "created_at": "<clock>",
      "created_at_local": "2026-09-09T13:05:12-04:00",
      "id": "501",
      "response_sha256": "3bebe604d20ce0370417bce61de96234e9aa37389d7a5a06e81d8780540541aa",
      "user_id": "1"
    },
    "response_kind": null,
    "server_match": null,
    "state": "posted",
    "subject": null,
    "target": {
      "conversation_id": null,
      "conversation_subject": null,
      "course_code": null,
      "course_id": "100",
      "kind": "quiz_submit",
      "parent_entry_id": null,
      "quiz_id": "101",
      "quiz_title": "Week 3 Reading Quiz",
      "recipient_names": [],
      "recipients": [],
      "topic_id": null,
      "topic_title": null
    },
    "text": {
      "input_sha256": "72da3196d7da98149e76ef8183b987fba4e39db41f95436764bbf4da0d738254",
      "sent_sha256": "72da3196d7da98149e76ef8183b987fba4e39db41f95436764bbf4da0d738254",
      "transform": "json"
    }
  },
  "schema": "canvas-cli/operation@1",
  "warnings": []
}
