---
source: crates/canvas-cli/tests/e2e/harness.rs
expression: body
---
exit: 0
--- stdout ---
  ID       TITLE             TYPE          DUE                     QUESTIONS    POINTS    STATE  
  60101    Synthetic Quiz    assignment    2040-09-18T23:59:00Z    5            10               
--- stderr ---
