---
source: crates/canvas-cli/tests/e2e/harness.rs
expression: value
---
{
  "exit": 0,
  "freshness": [
    {
      "complete": true,
      "count": 1,
      "dataset": "quizzes",
      "fetched_at": "2040-09-09T17:05:12Z",
      "scope": "course:60100",
      "source": "network",
      "stale": false
    }
  ],
  "generated_at": "2040-09-09T17:05:12Z",
  "identity": {
    "key": "<identity>",
    "origin": "<origin>",
    "user_id": "60001"
  },
  "outcome": "ok",
  "partial": [],
  "profile": null,
  "requests": {
    "api": 4,
    "cost": null,
    "storage": 0
  },
  "result": {
    "attempt": 1,
    "course_id": "60100",
    "end_at": "2040-09-11T14:30:00Z",
    "questions": [
      {
        "answer": null,
        "answers": [
          {
            "id": "64811",
            "text": "Synthetic option 15"
          },
          {
            "id": "64812",
            "text": "Synthetic option 6"
          },
          {
            "id": "64813",
            "text": "Synthetic option 13"
          },
          {
            "id": "64814",
            "text": "Synthetic option 6"
          }
        ],
        "id": "60901",
        "name": "Synthetic Quiz Submission Questions",
        "points_possible": 2.0,
        "position": 1,
        "question_type": "multiple_choice_question",
        "text_markdown": "Synthetic exercise: sort the symbols X, Y, and Z."
      },
      {
        "answer": null,
        "answers": [],
        "id": "60902",
        "name": "Synthetic Quiz Submission Questions",
        "points_possible": 4.0,
        "position": 2,
        "question_type": "essay_question",
        "text_markdown": "Synthetic exercise: sort the symbols X, Y, and Z."
      },
      {
        "answer": null,
        "answers": [
          {
            "id": "64901",
            "text": "Synthetic option 4"
          },
          {
            "id": "64902",
            "text": "Synthetic option 5"
          }
        ],
        "id": "60903",
        "name": "Synthetic Quiz Submission Questions",
        "points_possible": 2.0,
        "position": 3,
        "question_type": "true_false_question",
        "text_markdown": "Synthetic exercise: sort the symbols X, Y, and Z."
      },
      {
        "answer": null,
        "answers": [
          {
            "id": "65101",
            "text": "Synthetic option 34"
          },
          {
            "id": "65102",
            "text": "Synthetic option 25"
          },
          {
            "id": "65103",
            "text": "Synthetic option 30"
          },
          {
            "id": "65104",
            "text": "Synthetic option 22"
          }
        ],
        "id": "60904",
        "name": "Synthetic Quiz Submission Questions",
        "points_possible": 2.0,
        "position": 4,
        "question_type": "multiple_answers_question",
        "text_markdown": "Synthetic exercise: sort the symbols X, Y, and Z."
      }
    ],
    "quiz_id": "60101",
    "started": true,
    "started_at": "2040-09-11T14:00:00Z"
  },
  "schema": "canvas-cli/quiz_questions@1",
  "warnings": []
}
