---
source: crates/canvas-cli/tests/e2e/harness.rs
expression: body
---
exit: 0
--- stdout ---
course 60100
state submitted  attempt 1  submitted Wed Sep 19, 8:00 AM  score 73.25
  Canvas ID    File                  Size    Type             
  60501        synthetic-file.pdf    1024    application/pdf  
comment Sun Sep 9, 11:00 AM Synthetic Instructor: Synthetic fixture comment.
  Attempt    Submitted    Score    Files  
  1          —            —        0      
--- stderr ---
