---
source: crates/canvas-cli/tests/e2e/harness.rs
expression: value
---
{
  "exit": 0,
  "freshness": [
    {
      "complete": true,
      "count": 2,
      "dataset": "course_totals",
      "fetched_at": "2026-09-09T17:05:12Z",
      "scope": "course:100",
      "source": "network",
      "stale": false
    },
    {
      "complete": true,
      "count": 1,
      "dataset": "courses",
      "fetched_at": "2026-09-09T17:05:12Z",
      "scope": "active",
      "source": "network",
      "stale": false
    },
    {
      "complete": true,
      "count": 1,
      "dataset": "enrollment_grades",
      "fetched_at": "2026-09-09T17:05:12Z",
      "scope": "period:none",
      "source": "network",
      "stale": false
    },
    {
      "complete": true,
      "count": 1,
      "dataset": "grading_periods",
      "fetched_at": "2026-09-09T17:05:12Z",
      "scope": "course:100",
      "source": "network",
      "stale": false
    },
    {
      "complete": true,
      "count": 1,
      "dataset": "terms",
      "fetched_at": "2026-09-09T17:05:12Z",
      "scope": "active",
      "source": "network",
      "stale": false
    }
  ],
  "generated_at": "2026-09-09T17:05:12Z",
  "identity": {
    "key": "<identity>",
    "origin": "<origin>",
    "user_id": "1"
  },
  "outcome": "ok",
  "partial": [],
  "profile": null,
  "requests": {
    "api": 3,
    "cost": null,
    "storage": 0
  },
  "result": {
    "datasets": [
      {
        "complete": true,
        "count": 2,
        "dataset": "course_totals",
        "error": null,
        "fetched_at": "2026-09-09T17:05:12Z",
        "requests": 0,
        "scope": "course:100",
        "source": "network",
        "stale": false
      },
      {
        "complete": true,
        "count": 1,
        "dataset": "courses",
        "error": null,
        "fetched_at": "2026-09-09T17:05:12Z",
        "requests": 1,
        "scope": "active",
        "source": "network",
        "stale": false
      },
      {
        "complete": true,
        "count": 1,
        "dataset": "enrollment_grades",
        "error": null,
        "fetched_at": "2026-09-09T17:05:12Z",
        "requests": 1,
        "scope": "period:none",
        "source": "network",
        "stale": false
      },
      {
        "complete": true,
        "count": 1,
        "dataset": "grading_periods",
        "error": null,
        "fetched_at": "2026-09-09T17:05:12Z",
        "requests": 1,
        "scope": "course:100",
        "source": "network",
        "stale": false
      },
      {
        "complete": true,
        "count": 1,
        "dataset": "terms",
        "error": null,
        "fetched_at": "2026-09-09T17:05:12Z",
        "requests": 0,
        "scope": "active",
        "source": "network",
        "stale": false
      }
    ]
  },
  "schema": "canvas-cli/sync@1",
  "warnings": []
}
