---
source: crates/canvas-cli/tests/e2e/harness.rs
expression: body
---
exit: 0
--- stdout ---
  DATASET              SCOPE          SOURCE     COUNT    STALE    REQUESTS  
  course_totals        course:100     network    2        false    0         
  courses              active         network    1        false    1         
  enrollment_grades    period:none    network    1        false    1         
  grading_periods      course:100     network    1        false    1         
  terms                active         network    1        false    0         
--- stderr ---
