---
source: crates/canvas-cli/tests/e2e/harness.rs
expression: body
---
exit: 0
--- stdout ---
missing=1 due_today=0 due_week=1 hidden=0
2040-09-11
  ID       Course     Name                 Due                                 Status   
  60011    SYN-600    Synthetic Missing    Tue Sep 11, 11:59 PM (in 2d 10h)    missing  
2040-09-19
  ID       Course     Name                 Due                                  Status   
  60009    SYN-600    Synthetic Planner    Wed Sep 19, 11:59 PM (in 10d 10h)    unknown  

--- stderr ---
