---
source: crates/canvas-cli/tests/exit_precedence.rs
expression: value
---
{
  "exit": 0,
  "freshness": [
    {
      "complete": true,
      "count": 1,
      "dataset": "courses",
      "fetched_at": "2026-09-09T16:00:00Z",
      "scope": "active",
      "source": "cache",
      "stale": true
    },
    {
      "complete": false,
      "count": null,
      "dataset": "course_totals",
      "fetched_at": null,
      "scope": "course:61001",
      "source": "cache",
      "stale": true
    }
  ],
  "generated_at": "2026-09-09T17:05:12Z",
  "identity": {
    "key": "canvas.example.test-62001-afc363ff",
    "origin": "https://canvas.example.test",
    "user_id": "62001"
  },
  "outcome": "ok",
  "partial": [],
  "profile": null,
  "requests": {
    "api": 0,
    "cost": null,
    "storage": 0
  },
  "result": {
    "courses": [
      {
        "code": "SYN-61001",
        "enrollment_state": "active",
        "grades": {
          "current_grade": "A-",
          "current_score": 92.5,
          "final_grade": null,
          "final_score": null,
          "period": {
            "id": null,
            "mode": "all",
            "title": null
          }
        },
        "html_url": "https://canvas.example.test/courses/61001",
        "id": "61001",
        "is_favorite": true,
        "name": "Synthetic Computing",
        "restricted": false,
        "term": {
          "end_at": "2026-12-15T05:00:00Z",
          "id": "7",
          "name": "Fall 2026",
          "start_at": "2026-08-25T04:00:00Z"
        }
      }
    ]
  },
  "schema": "canvas-cli/courses@1",
  "warnings": [
    "served stale courses cache"
  ]
}
