---
source: crates/canvas-cli/tests/grades.rs
expression: stdout
---
  CODE       NAME                     PERIOD    GRADE        
  SYN-101    Synthetic Computing      all       C+           
  SYN-201    Synthetic Mathematics    all       unavailable  
  SYN-301    Synthetic Physics        all       D
