---
source: crates/canvas-cli/tests/grades.rs
expression: stdout
---
SYN-101  Synthetic Computing

Synthetic Exercises  (40%)
  drop lowest 1 · never drop 31
  ASSIGNMENT                SCORE    OUT OF    STATUS   
  Synthetic Exercise One    13.25    25        graded   
  Synthetic Exercise Two    —        25        missing  
  subtotal: 13.25 / 50

Synthetic Exams  (40.25%)
  ASSIGNMENT    SCORE    OUT OF    STATUS  

  CODE       NAME                   PERIOD    GRADE  
  SYN-101    Synthetic Computing    all       C+
