---
source: crates/canvas-cli/src/commands/operation.rs
expression: "String::from_utf8(out).unwrap()"
---
discussion_reply posted  journal=01932f4b-1c2d-7e3f-8a90-0123456789ab
topic 3001 "Week 3 reading"  course 101
in reply to entry 4002
text transform=text-to-html  input_sha256=aaaaaaaaaaaaaaaaaaaaaaaaaaaaaaaaaaaaaaaaaaaaaaaaaaaaaaaaaaaaaaaa  sent_sha256=dddddddddddddddddddddddddddddddddddddddddddddddddddddddddddddddd
receipt 01932f4b-2d3e-7f40-9b01-123456789abc  attribution=accepted
canvas id 5003  created 2026-09-10T10:02:11-04:00
delivery observable
